Component: ARM Compiler 5.06 update 7 (build 960) Tool: armlink [4d3601]

==============================================================================

Section Cross References

    startup_n32l40x.o(RESET) refers to startup_n32l40x.o(STACK) for __initial_sp
    startup_n32l40x.o(RESET) refers to startup_n32l40x.o(.text) for Reset_Handler
    startup_n32l40x.o(RESET) refers to n32l40x_it.o(i.NMI_Handler) for NMI_Handler
    startup_n32l40x.o(RESET) refers to n32l40x_it.o(i.HardFault_Handler) for HardFault_Handler
    startup_n32l40x.o(RESET) refers to n32l40x_it.o(i.MemManage_Handler) for MemManage_Handler
    startup_n32l40x.o(RESET) refers to n32l40x_it.o(i.BusFault_Handler) for BusFault_Handler
    startup_n32l40x.o(RESET) refers to n32l40x_it.o(i.UsageFault_Handler) for UsageFault_Handler
    startup_n32l40x.o(RESET) refers to n32l40x_it.o(i.SVC_Handler) for SVC_Handler
    startup_n32l40x.o(RESET) refers to n32l40x_it.o(i.DebugMon_Handler) for DebugMon_Handler
    startup_n32l40x.o(RESET) refers to n32l40x_it.o(i.SysTick_Handler) for SysTick_Handler
    startup_n32l40x.o(.text) refers to system_n32l40x.o(i.SystemInit) for SystemInit
    startup_n32l40x.o(.text) refers to entry.o(.ARM.Collect$$$$00000000) for __main
    system_n32l40x.o(i.SetSysClock) refers to system_n32l40x.o(i.ConfigMRVoltage1V) for ConfigMRVoltage1V
    system_n32l40x.o(i.SetSysClock) refers to system_n32l40x.o(.data) for .data
    system_n32l40x.o(i.SystemCoreClockUpdate) refers to system_n32l40x.o(.constdata) for .constdata
    system_n32l40x.o(i.SystemCoreClockUpdate) refers to system_n32l40x.o(.data) for .data
    system_n32l40x.o(i.SystemInit) refers to system_n32l40x.o(i.SetSysClock) for SetSysClock
    main.o(i.main) refers to n32l40x_rcc.o(i.RCC_GetClocksFreqValue) for RCC_GetClocksFreqValue
    main.o(i.main) refers to n32l40x_flash.o(i.FLASH_ClockInit) for FLASH_ClockInit
    main.o(i.main) refers to memseta.o(.text) for __aeabi_memclr4
    main.o(i.main) refers to dcd_user.o(i.dcd_config_device) for dcd_config_device
    main.o(i.main) refers to af_port.o(i.af_flash_check) for af_flash_check
    main.o(i.main) refers to af_port.o(i.af_flash_unlock) for af_flash_unlock
    main.o(i.main) refers to af_port.o(i.af_flash_earse_one_page) for af_flash_earse_one_page
    main.o(i.main) refers to af_port.o(i.af_flash_program_word) for af_flash_program_word
    main.o(i.main) refers to af_port.o(i.af_flash_lock) for af_flash_lock
    main.o(i.main) refers to main.o(i.delay_ms) for delay_ms
    main.o(i.main) refers to iap.o(i.SoftReset) for SoftReset
    main.o(i.main) refers to af_port.o(i.af_erase_upgrade_data_partition) for af_erase_upgrade_data_partition
    main.o(i.main) refers to iap.o(i.iap_load_app) for iap_load_app
    main.o(i.main) refers to main.o(.data) for .data
    main.o(i.main) refers to af_port.o(.bss) for IAPBUF
    dcd_user.o(i.dcd_config_device) refers to dcd_user.o(i.dcd_read_check_header) for dcd_read_check_header
    dcd_user.o(i.dcd_config_device) refers to malloc.o(i.malloc) for malloc
    dcd_user.o(i.dcd_config_device) refers to memcpya.o(.text) for __aeabi_memcpy
    dcd_user.o(i.dcd_config_device) refers to dcd_port.o(i.GPIO_CFG_CpltCallback) for GPIO_CFG_CpltCallback
    dcd_user.o(i.dcd_config_device) refers to malloc.o(i.free) for free
    dcd_user.o(i.dcd_config_device) refers to dcd_port.o(i.RCC_CFG_CpltCallback) for RCC_CFG_CpltCallback
    dcd_user.o(i.dcd_read_check_header) refers to dcd_port.o(i.dcd_port_read) for dcd_port_read
    dcd_user.o(i.dcd_read_check_header) refers to memcpya.o(.text) for __aeabi_memcpy4
    dcd_user.o(i.dcd_read_check_header) refers to af_utils.o(i.af_calc_crc32) for af_calc_crc32
    dcd_user.o(i.dcd_write_to_flash) refers to dcd_port.o(i.dcd_port_read) for dcd_port_read
    dcd_user.o(i.dcd_write_to_flash) refers to af_utils.o(i.af_calc_crc32) for af_calc_crc32
    dcd_user.o(i.dcd_write_to_flash) refers to dcd_port.o(i.dcd_port_erase) for dcd_port_erase
    dcd_user.o(i.dcd_write_to_flash) refers to dcd_port.o(i.dcd_port_write) for dcd_port_write
    dcd_user.o(i.dcd_write_to_flash) refers to dcd_user.o(.data) for .data
    dcd_port.o(i.GPIO_CFG_CpltCallback) refers to n32l40x_gpio.o(i.GPIO_InitStruct) for GPIO_InitStruct
    dcd_port.o(i.GPIO_CFG_CpltCallback) refers to n32l40x_rcc.o(i.RCC_EnableAPB2PeriphClk) for RCC_EnableAPB2PeriphClk
    dcd_port.o(i.GPIO_CFG_CpltCallback) refers to n32l40x_gpio.o(i.GPIO_InitPeripheral) for GPIO_InitPeripheral
    dcd_port.o(i.GPIO_CFG_CpltCallback) refers to n32l40x_gpio.o(i.GPIO_SetBits) for GPIO_SetBits
    dcd_port.o(i.GPIO_CFG_CpltCallback) refers to n32l40x_gpio.o(i.GPIO_ResetBits) for GPIO_ResetBits
    dcd_port.o(i.RCC_CFG_CpltCallback) refers to n32l40x_rcc.o(i.RCC_DeInit) for RCC_DeInit
    dcd_port.o(i.RCC_CFG_CpltCallback) refers to n32l40x_rcc.o(i.RCC_EnableHsi) for RCC_EnableHsi
    dcd_port.o(i.RCC_CFG_CpltCallback) refers to n32l40x_rcc.o(i.RCC_ConfigHse) for RCC_ConfigHse
[...]
    af_port.o(i.af_flash_check) refers to af_port.o(i.af_port_read) for af_port_read
    af_port.o(i.af_flash_check) refers to af_utils.o(i.af_calc_crc32) for af_calc_crc32
    af_port.o(i.af_flash_check) refers to af_port.o(.bss) for .bss
    af_port.o(i.af_flash_earse_one_page) refers to n32l40x_flash.o(i.FLASH_EraseOnePage) for FLASH_EraseOnePage
    af_port.o(i.af_flash_lock) refers to n32l40x_flash.o(i.FLASH_Lock) for FLASH_Lock
    af_port.o(i.af_flash_program_word) refers to n32l40x_flash.o(i.FLASH_ProgramWord) for FLASH_ProgramWord
    af_port.o(i.af_flash_unlock) refers to n32l40x_flash.o(i.FLASH_Unlock) for FLASH_Unlock
    af_port.o(i.af_port_erase) refers to n32l40x_flash.o(i.FLASH_Unlock) for FLASH_Unlock
    af_port.o(i.af_port_erase) refers to af_port.o(i.af_flash_earse_one_page) for af_flash_earse_one_page
    af_port.o(i.af_port_erase) refers to n32l40x_flash.o(i.FLASH_Lock) for FLASH_Lock
    af_port.o(i.af_port_write) refers to n32l40x_flash.o(i.FLASH_Unlock) for FLASH_Unlock
    af_port.o(i.af_port_write) refers to af_port.o(i.af_flash_program_word) for af_flash_program_word
    af_port.o(i.af_port_write) refers to n32l40x_flash.o(i.FLASH_Lock) for FLASH_Lock
    af_port.o(i.af_write_upgrade_data_patition) refers to af_port.o(i.af_port_write) for af_port_write
    iap.o(i.iap_load_app) refers to iap.o(.emb_text) for MSR_MSP
    iap.o(i.iap_load_app) refers to iap.o(.data) for .data
    n32l40x_rcc.o(i.RCC_ConfigLPTIMClk) refers to n32l40x_rcc.o(i.RCC_EnableAPB1PeriphClk) for RCC_EnableAPB1PeriphClk
    n32l40x_rcc.o(i.RCC_ConfigLse) refers to n32l40x_rcc.o(i.RCC_EnableAPB1PeriphClk) for RCC_EnableAPB1PeriphClk
    n32l40x_rcc.o(i.RCC_GetClocksFreqValue) refers to n32l40x_rcc.o(.constdata) for .constdata
    n32l40x_rcc.o(i.RCC_WaitHseStable) refers to n32l40x_rcc.o(i.RCC_GetFlagStatus) for RCC_GetFlagStatus
    n32l40x_rcc.o(i.RCC_WaitHsiStable) refers to n32l40x_rcc.o(i.RCC_GetFlagStatus) for RCC_GetFlagStatus
    n32l40x_rcc.o(i.RCC_WaitMsiStable) refers to n32l40x_rcc.o(i.RCC_GetFlagStatus) for RCC_GetFlagStatus
    n32l40x_usart.o(i.USART_DeInit) refers to n32l40x_rcc.o(i.RCC_EnableAPB1PeriphReset) for RCC_EnableAPB1PeriphReset
    n32l40x_usart.o(i.USART_DeInit) refers to n32l40x_rcc.o(i.RCC_EnableAPB2PeriphReset) for RCC_EnableAPB2PeriphReset
    n32l40x_usart.o(i.USART_Init) refers to n32l40x_rcc.o(i.RCC_GetClocksFreqValue) for RCC_GetClocksFreqValue
    n32l40x_flash.o(i.FLASH_ConfigALLOptionByte) refers to n32l40x_flash.o(i.FLASH_GetReadOutProtectionL2STS) for FLASH_GetReadOutProtectionL2STS
    n32l40x_flash.o(i.FLASH_ConfigALLOptionByte) refers to n32l40x_flash.o(i.FLASH_ClearFlag) for FLASH_ClearFlag
    n32l40x_flash.o(i.FLASH_ConfigALLOptionByte) refers to n32l40x_flash.o(i.FLASH_WaitForLastOpt) for FLASH_WaitForLastOpt
    n32l40x_flash.o(i.FLASH_ConfigUserOB) refers to n32l40x_flash.o(i.FLASH_GetReadOutProtectionL2STS) for FLASH_GetReadOutProtectionL2STS
    n32l40x_flash.o(i.FLASH_ConfigUserOB) refers to n32l40x_flash.o(i.FLASH_GetReadOutProtectionSTS) for FLASH_GetReadOutProtectionSTS
    n32l40x_flash.o(i.FLASH_ConfigUserOB) refers to n32l40x_flash.o(i.FLASH_ClearFlag) for FLASH_ClearFlag
    n32l40x_flash.o(i.FLASH_ConfigUserOB) refers to n32l40x_flash.o(i.FLASH_WaitForLastOpt) for FLASH_WaitForLastOpt
    n32l40x_flash.o(i.FLASH_ConfigUserOB2) refers to n32l40x_flash.o(i.FLASH_GetReadOutProtectionL2STS) for FLASH_GetReadOutProtectionL2STS
    n32l40x_flash.o(i.FLASH_ConfigUserOB2) refers to n32l40x_flash.o(i.FLASH_GetReadOutProtectionSTS) for FLASH_GetReadOutProtectionSTS
    n32l40x_flash.o(i.FLASH_ConfigUserOB2) refers to n32l40x_flash.o(i.FLASH_ClearFlag) for FLASH_ClearFlag
    n32l40x_flash.o(i.FLASH_ConfigUserOB2) refers to n32l40x_flash.o(i.FLASH_WaitForLastOpt) for FLASH_WaitForLastOpt
    n32l40x_flash.o(i.FLASH_EnWriteProtection) refers to n32l40x_flash.o(i.FLASH_GetReadOutProtectionL2STS) for FLASH_GetReadOutProtectionL2STS
    n32l40x_flash.o(i.FLASH_EnWriteProtection) refers to n32l40x_flash.o(i.FLASH_ClearFlag) for FLASH_ClearFlag
    n32l40x_flash.o(i.FLASH_EnWriteProtection) refers to n32l40x_flash.o(i.FLASH_WaitForLastOpt) for FLASH_WaitForLastOpt
    n32l40x_flash.o(i.FLASH_EraseOB) refers to n32l40x_flash.o(i.FLASH_GetReadOutProtectionL2STS) for FLASH_GetReadOutProtectionL2STS
    n32l40x_flash.o(i.FLASH_EraseOB) refers to n32l40x_flash.o(i.FLASH_GetReadOutProtectionSTS) for FLASH_GetReadOutProtectionSTS
    n32l40x_flash.o(i.FLASH_EraseOB) refers to n32l40x_flash.o(i.FLASH_ClearFlag) for FLASH_ClearFlag
    n32l40x_flash.o(i.FLASH_EraseOB) refers to n32l40x_flash.o(i.FLASH_WaitForLastOpt) for FLASH_WaitForLastOpt
    n32l40x_flash.o(i.FLASH_EraseOnePage) refers to n32l40x_flash.o(i.FLASH_ClearFlag) for FLASH_ClearFlag
    n32l40x_flash.o(i.FLASH_EraseOnePage) refers to n32l40x_flash.o(i.FLASH_WaitForLastOpt) for FLASH_WaitForLastOpt
    n32l40x_flash.o(i.FLASH_MassErase) refers to n32l40x_flash.o(i.FLASH_ClearFlag) for FLASH_ClearFlag
    n32l40x_flash.o(i.FLASH_MassErase) refers to n32l40x_flash.o(i.FLASH_WaitForLastOpt) for FLASH_WaitForLastOpt
    n32l40x_flash.o(i.FLASH_ProgramOBData) refers to n32l40x_flash.o(i.FLASH_GetReadOutProtectionL2STS) for FLASH_GetReadOutProtectionL2STS
    n32l40x_flash.o(i.FLASH_ProgramOBData) refers to n32l40x_flash.o(i.FLASH_ClearFlag) for FLASH_ClearFlag
    n32l40x_flash.o(i.FLASH_ProgramOBData) refers to n32l40x_flash.o(i.FLASH_WaitForLastOpt) for FLASH_WaitForLastOpt
    n32l40x_flash.o(i.FLASH_ProgramWord) refers to n32l40x_flash.o(i.FLASH_ClearFlag) for FLASH_ClearFlag
    n32l40x_flash.o(i.FLASH_ProgramWord) refers to n32l40x_flash.o(i.FLASH_WaitForLastOpt) for FLASH_WaitForLastOpt
    n32l40x_flash.o(i.FLASH_ReadOutProtectionL1) refers to n32l40x_flash.o(i.FLASH_GetReadOutProtectionL2STS) for FLASH_GetReadOutProtectionL2STS
    n32l40x_flash.o(i.FLASH_ReadOutProtectionL1) refers to n32l40x_flash.o(i.FLASH_ClearFlag) for FLASH_ClearFlag
    n32l40x_flash.o(i.FLASH_ReadOutProtectionL1) refers to n32l40x_flash.o(i.FLASH_WaitForLastOpt) for FLASH_WaitForLastOpt
    n32l40x_flash.o(i.FLASH_ReadOutProtectionL2_ENABLE) refers to n32l40x_flash.o(i.FLASH_GetReadOutProtectionSTS) for FLASH_GetReadOutProtectionSTS
    n32l40x_flash.o(i.FLASH_ReadOutProtectionL2_ENABLE) refers to n32l40x_flash.o(i.FLASH_GetReadOutProtectionL2STS) for FLASH_GetReadOutProtectionL2STS
    n32l40x_flash.o(i.FLASH_ReadOutProtectionL2_ENABLE) refers to n32l40x_flash.o(i.FLASH_ClearFlag) for FLASH_ClearFlag
    n32l40x_flash.o(i.FLASH_ReadOutProtectionL2_ENABLE) refers to n32l40x_flash.o(i.FLASH_WaitForLastOpt) for FLASH_WaitForLastOpt
    n32l40x_flash.o(i.FLASH_WaitForLastOpt) refers to n32l40x_flash.o(i.FLASH_GetSTS) for FLASH_GetSTS
    n32l40x_gpio.o(i.GPIO_AFIOInitDefault) refers to n32l40x_rcc.o(i.RCC_EnableAPB2PeriphReset) for RCC_EnableAPB2PeriphReset
    n32l40x_gpio.o(i.GPIO_DeInit) refers to n32l40x_rcc.o(i.RCC_EnableAPB2PeriphReset) for RCC_EnableAPB2PeriphReset
    entry.o(.ARM.Collect$$$$00000000) refers (Special) to entry10a.o(.ARM.Collect$$$$0000000F) for __rt_final_cpp
    entry.o(.ARM.Collect$$$$00000000) refers (Special) to entry11a.o(.ARM.Collect$$$$00000011) for __rt_final_exit
    entry.o(.ARM.Collect$$$$00000000) refers (Special) to entry12b.o(.ARM.Collect$$$$0000000E) for __rt_lib_shutdown_fini
    entry.o(.ARM.Collect$$$$00000000) refers (Special) to entry7b.o(.ARM.Collect$$$$00000008) for _main_clock
    entry.o(.ARM.Collect$$$$00000000) refers (Special) to entry8b.o(.ARM.Collect$$$$0000000A) for _main_cpp_init
    entry.o(.ARM.Collect$$$$00000000) refers (Special) to entry9a.o(.ARM.Collect$$$$0000000B) for _main_init
    entry.o(.ARM.Collect$$$$00000000) refers (Special) to entry5.o(.ARM.Collect$$$$00000004) for _main_scatterload
    entry.o(.ARM.Collect$$$$00000000) refers (Special) to entry2.o(.ARM.Collect$$$$00000001) for _main_stk
    printfb.o(i.__0fprintf$bare) refers to printfb.o(i._printf_core) for _printf_core
    printfb.o(i.__0fprintf$bare) refers to fputc.o(i.fputc) for fputc
    printfb.o(i.__0printf$bare) refers to printfb.o(i._printf_core) for _printf_core
    printfb.o(i.__0printf$bare) refers to fputc.o(i.fputc) for fputc
    printfb.o(i.__0printf$bare) refers to stdout.o(.data) for __stdout
    printfb.o(i.__0snprintf$bare) refers to printfb.o(i._printf_core) for _printf_core
    printfb.o(i.__0snprintf$bare) refers to printfb.o(i._snputc) for _snputc
    printfb.o(i.__0sprintf$bare) refers to printfb.o(i._printf_core) for _printf_core
    printfb.o(i.__0sprintf$bare) refers to printfb.o(i._sputc) for _sputc
    printfb.o(i.__0vfprintf$bare) refers to printfb.o(i._printf_core) for _printf_core
    printfb.o(i.__0vfprintf$bare) refers to fputc.o(i.fputc) for fputc
    printfb.o(i.__0vprintf$bare) refers to printfb.o(i._printf_core) for _printf_core
    printfb.o(i.__0vprintf$bare) refers to fputc.o(i.fputc) for fputc
    printfb.o(i.__0vprintf$bare) refers to stdout.o(.data) for __stdout
    printfb.o(i.__0vsnprintf$bare) refers to printfb.o(i._printf_core) for _printf_core
    printfb.o(i.__0vsnprintf$bare) refers to printfb.o(i._snputc) for _snputc
    printfb.o(i.__0vsprintf$bare) refers to printfb.o(i._printf_core) for _printf_core
    printfb.o(i.__0vsprintf$bare) refers to printfb.o(i._sputc) for _sputc
    printf0.o(i.__0fprintf$0) refers to printf0.o(i._printf_core) for _printf_core
    printf0.o(i.__0fprintf$0) refers to fputc.o(i.fputc) for fputc
    printf0.o(i.__0printf$0) refers to printf0.o(i._printf_core) for _printf_core
    printf0.o(i.__0printf$0) refers to fputc.o(i.fputc) for fputc
    printf0.o(i.__0printf$0) refers to stdout.o(.data) for __stdout
    printf0.o(i.__0snprintf$0) refers to printf0.o(i._printf_core) for _printf_core
    printf0.o(i.__0snprintf$0) refers to printf0.o(i._snputc) for _snputc
    printf0.o(i.__0sprintf$0) refers to printf0.o(i._printf_core) for _printf_core
    printf0.o(i.__0sprintf$0) refers to printf0.o(i._sputc) for _sputc
    printf0.o(i.__0vfprintf$0) refers to printf0.o(i._printf_core) for _printf_core
    printf0.o(i.__0vfprintf$0) refers to fputc.o(i.fputc) for fputc
    printf0.o(i.__0vprintf$0) refers to printf0.o(i._printf_core) for _printf_core
    printf0.o(i.__0vprintf$0) refers to fputc.o(i.fputc) for fputc
    printf0.o(i.__0vprintf$0) refers to stdout.o(.data) for __stdout
    printf0.o(i.__0vsnprintf$0) refers to printf0.o(i._printf_core) for _printf_core
    printf0.o(i.__0vsnprintf$0) refers to printf0.o(i._snputc) for _snputc
    printf0.o(i.__0vsprintf$0) refers to printf0.o(i._printf_core) for _printf_core
    printf0.o(i.__0vsprintf$0) refers to printf0.o(i._sputc) for _sputc
    printf1.o(i.__0fprintf$1) refers to printf1.o(i._printf_core) for _printf_core
    printf1.o(i.__0fprintf$1) refers to fputc.o(i.fputc) for fputc
    printf1.o(i.__0printf$1) refers to printf1.o(i._printf_core) for _printf_core
    printf1.o(i.__0printf$1) refers to fputc.o(i.fputc) for fputc
    printf1.o(i.__0printf$1) refers to stdout.o(.data) for __stdout
    printf1.o(i.__0snprintf$1) refers to printf1.o(i._printf_core) for _printf_core
    printf1.o(i.__0snprintf$1) refers to printf1.o(i._snputc) for _snputc
    printf1.o(i.__0sprintf$1) refers to printf1.o(i._printf_core) for _printf_core
    printf1.o(i.__0sprintf$1) refers to printf1.o(i._sputc) for _sputc
    printf1.o(i.__0vfprintf$1) refers to printf1.o(i._printf_core) for _printf_core
    printf1.o(i.__0vfprintf$1) refers to fputc.o(i.fputc) for fputc
    printf1.o(i.__0vprintf$1) refers to printf1.o(i._printf_core) for _printf_core
    printf1.o(i.__0vprintf$1) refers to fputc.o(i.fputc) for fputc
    printf1.o(i.__0vprintf$1) refers to stdout.o(.data) for __stdout
    printf1.o(i.__0vsnprintf$1) refers to printf1.o(i._printf_core) for _printf_core
    printf1.o(i.__0vsnprintf$1) refers to printf1.o(i._snputc) for _snputc
    printf1.o(i.__0vsprintf$1) refers to printf1.o(i._printf_core) for _printf_core
    printf1.o(i.__0vsprintf$1) refers to printf1.o(i._sputc) for _sputc
    printf1.o(i._printf_core) refers to uidiv.o(.text) for __aeabi_uidivmod
    printf2.o(i.__0fprintf$2) refers to printf2.o(i._printf_core) for _printf_core
    printf2.o(i.__0fprintf$2) refers to fputc.o(i.fputc) for fputc
    printf2.o(i.__0printf$2) refers to printf2.o(i._printf_core) for _printf_core
    printf2.o(i.__0printf$2) refers to fputc.o(i.fputc) for fputc
    printf2.o(i.__0printf$2) refers to stdout.o(.data) for __stdout
    printf2.o(i.__0snprintf$2) refers to printf2.o(i._printf_core) for _printf_core
    printf2.o(i.__0snprintf$2) refers to printf2.o(i._snputc) for _snputc
    printf2.o(i.__0sprintf$2) refers to printf2.o(i._printf_core) for _printf_core
    printf2.o(i.__0sprintf$2) refers to printf2.o(i._sputc) for _sputc
    printf2.o(i.__0vfprintf$2) refers to printf2.o(i._printf_core) for _printf_core
    printf2.o(i.__0vfprintf$2) refers to fputc.o(i.fputc) for fputc
    printf2.o(i.__0vprintf$2) refers to printf2.o(i._printf_core) for _printf_core
    printf2.o(i.__0vprintf$2) refers to fputc.o(i.fputc) for fputc
    printf2.o(i.__0vprintf$2) refers to stdout.o(.data) for __stdout
    printf2.o(i.__0vsnprintf$2) refers to printf2.o(i._printf_core) for _printf_core
    printf2.o(i.__0vsnprintf$2) refers to printf2.o(i._snputc) for _snputc
    printf2.o(i.__0vsprintf$2) refers to printf2.o(i._printf_core) for _printf_core
    printf2.o(i.__0vsprintf$2) refers to printf2.o(i._sputc) for _sputc
    printf3.o(i.__0fprintf$3) refers to printf3.o(i._printf_core) for _printf_core
    printf3.o(i.__0fprintf$3) refers to fputc.o(i.fputc) for fputc
    printf3.o(i.__0printf$3) refers to printf3.o(i._printf_core) for _printf_core
    printf3.o(i.__0printf$3) refers to fputc.o(i.fputc) for fputc
    printf3.o(i.__0printf$3) refers to stdout.o(.data) for __stdout
    printf3.o(i.__0snprintf$3) refers to printf3.o(i._printf_core) for _printf_core
    printf3.o(i.__0snprintf$3) refers to printf3.o(i._snputc) for _snputc
    printf3.o(i.__0sprintf$3) refers to printf3.o(i._printf_core) for _printf_core
    printf3.o(i.__0sprintf$3) refers to printf3.o(i._sputc) for _sputc
    printf3.o(i.__0vfprintf$3) refers to printf3.o(i._printf_core) for _printf_core
    printf3.o(i.__0vfprintf$3) refers to fputc.o(i.fputc) for fputc
    printf3.o(i.__0vprintf$3) refers to printf3.o(i._printf_core) for _printf_core
    printf3.o(i.__0vprintf$3) refers to fputc.o(i.fputc) for fputc
    printf3.o(i.__0vprintf$3) refers to stdout.o(.data) for __stdout
    printf3.o(i.__0vsnprintf$3) refers to printf3.o(i._printf_core) for _printf_core
    printf3.o(i.__0vsnprintf$3) refers to printf3.o(i._snputc) for _snputc
    printf3.o(i.__0vsprintf$3) refers to printf3.o(i._printf_core) for _printf_core
    printf3.o(i.__0vsprintf$3) refers to printf3.o(i._sputc) for _sputc
    printf3.o(i._printf_core) refers to uidiv.o(.text) for __aeabi_uidivmod
    printf4.o(i.__0fprintf$4) refers to printf4.o(i._printf_core) for _printf_core
    printf4.o(i.__0fprintf$4) refers to fputc.o(i.fputc) for fputc
    printf4.o(i.__0printf$4) refers to printf4.o(i._printf_core) for _printf_core
    printf4.o(i.__0printf$4) refers to fputc.o(i.fputc) for fputc
    printf4.o(i.__0printf$4) refers to stdout.o(.data) for __stdout
    printf4.o(i.__0snprintf$4) refers to printf4.o(i._printf_core) for _printf_core
    printf4.o(i.__0snprintf$4) refers to printf4.o(i._snputc) for _snputc
    printf4.o(i.__0sprintf$4) refers to printf4.o(i._printf_core) for _printf_core
    printf4.o(i.__0sprintf$4) refers to printf4.o(i._sputc) for _sputc
    printf4.o(i.__0vfprintf$4) refers to printf4.o(i._printf_core) for _printf_core
    printf4.o(i.__0vfprintf$4) refers to fputc.o(i.fputc) for fputc
    printf4.o(i.__0vprintf$4) refers to printf4.o(i._printf_core) for _printf_core
    printf4.o(i.__0vprintf$4) refers to fputc.o(i.fputc) for fputc
    printf4.o(i.__0vprintf$4) refers to stdout.o(.data) for __stdout
    printf4.o(i.__0vsnprintf$4) refers to printf4.o(i._printf_core) for _printf_core
    printf4.o(i.__0vsnprintf$4) refers to printf4.o(i._snputc) for _snputc
    printf4.o(i.__0vsprintf$4) refers to printf4.o(i._printf_core) for _printf_core
    printf4.o(i.__0vsprintf$4) refers to printf4.o(i._sputc) for _sputc
    printf4.o(i._printf_core) refers to uldiv.o(.text) for __aeabi_uldivmod
    printf5.o(i.__0fprintf$5) refers to printf5.o(i._printf_core) for _printf_core
    printf5.o(i.__0fprintf$5) refers to fputc.o(i.fputc) for fputc
    printf5.o(i.__0printf$5) refers to printf5.o(i._printf_core) for _printf_core
    printf5.o(i.__0printf$5) refers to fputc.o(i.fputc) for fputc
    printf5.o(i.__0printf$5) refers to stdout.o(.data) for __stdout
    printf5.o(i.__0snprintf$5) refers to printf5.o(i._printf_core) for _printf_core
    printf5.o(i.__0snprintf$5) refers to printf5.o(i._snputc) for _snputc
    printf5.o(i.__0sprintf$5) refers to printf5.o(i._printf_core) for _printf_core
    printf5.o(i.__0sprintf$5) refers to printf5.o(i._sputc) for _sputc
    printf5.o(i.__0vfprintf$5) refers to printf5.o(i._printf_core) for _printf_core
    printf5.o(i.__0vfprintf$5) refers to fputc.o(i.fputc) for fputc
    printf5.o(i.__0vprintf$5) refers to printf5.o(i._printf_core) for _printf_core
    printf5.o(i.__0vprintf$5) refers to fputc.o(i.fputc) for fputc
    printf5.o(i.__0vprintf$5) refers to stdout.o(.data) for __stdout
    printf5.o(i.__0vsnprintf$5) refers to printf5.o(i._printf_core) for _printf_core
    printf5.o(i.__0vsnprintf$5) refers to printf5.o(i._snputc) for _snputc
    printf5.o(i.__0vsprintf$5) refers to printf5.o(i._printf_core) for _printf_core
    printf5.o(i.__0vsprintf$5) refers to printf5.o(i._sputc) for _sputc
    printf5.o(i._printf_core) refers to uldiv.o(.text) for __aeabi_uldivmod
    printf6.o(i.__0fprintf$6) refers to printf6.o(i._printf_core) for _printf_core
    printf6.o(i.__0fprintf$6) refers to fputc.o(i.fputc) for fputc
    printf6.o(i.__0printf$6) refers to printf6.o(i._printf_core) for _printf_core
    printf6.o(i.__0printf$6) refers to fputc.o(i.fputc) for fputc
    printf6.o(i.__0printf$6) refers to stdout.o(.data) for __stdout
    printf6.o(i.__0snprintf$6) refers to printf6.o(i._printf_core) for _printf_core
    printf6.o(i.__0snprintf$6) refers to printf6.o(i._snputc) for _snputc
    printf6.o(i.__0sprintf$6) refers to printf6.o(i._printf_core) for _printf_core
    printf6.o(i.__0sprintf$6) refers to printf6.o(i._sputc) for _sputc
    printf6.o(i.__0vfprintf$6) refers to printf6.o(i._printf_core) for _printf_core
    printf6.o(i.__0vfprintf$6) refers to fputc.o(i.fputc) for fputc
    printf6.o(i.__0vprintf$6) refers to printf6.o(i._printf_core) for _printf_core
    printf6.o(i.__0vprintf$6) refers to fputc.o(i.fputc) for fputc
    printf6.o(i.__0vprintf$6) refers to stdout.o(.data) for __stdout
    printf6.o(i.__0vsnprintf$6) refers to printf6.o(i._printf_core) for _printf_core
    printf6.o(i.__0vsnprintf$6) refers to printf6.o(i._snputc) for _snputc
    printf6.o(i.__0vsprintf$6) refers to printf6.o(i._printf_core) for _printf_core
    printf6.o(i.__0vsprintf$6) refers to printf6.o(i._sputc) for _sputc
    printf6.o(i._printf_core) refers to printf6.o(i._printf_pre_padding) for _printf_pre_padding
    printf6.o(i._printf_core) refers to uidiv.o(.text) for __aeabi_uidivmod
    printf6.o(i._printf_core) refers to printf6.o(i._printf_post_padding) for _printf_post_padding
    printf7.o(i.__0fprintf$7) refers to printf7.o(i._printf_core) for _printf_core
    printf7.o(i.__0fprintf$7) refers to fputc.o(i.fputc) for fputc
    printf7.o(i.__0printf$7) refers to printf7.o(i._printf_core) for _printf_core
    printf7.o(i.__0printf$7) refers to fputc.o(i.fputc) for fputc
    printf7.o(i.__0printf$7) refers to stdout.o(.data) for __stdout
    printf7.o(i.__0snprintf$7) refers to printf7.o(i._printf_core) for _printf_core
    printf7.o(i.__0snprintf$7) refers to printf7.o(i._snputc) for _snputc
    printf7.o(i.__0sprintf$7) refers to printf7.o(i._printf_core) for _printf_core
    printf7.o(i.__0sprintf$7) refers to printf7.o(i._sputc) for _sputc
    printf7.o(i.__0vfprintf$7) refers to printf7.o(i._printf_core) for _printf_core
    printf7.o(i.__0vfprintf$7) refers to fputc.o(i.fputc) for fputc
    printf7.o(i.__0vprintf$7) refers to printf7.o(i._printf_core) for _printf_core
    printf7.o(i.__0vprintf$7) refers to fputc.o(i.fputc) for fputc
    printf7.o(i.__0vprintf$7) refers to stdout.o(.data) for __stdout
    printf7.o(i.__0vsnprintf$7) refers to printf7.o(i._printf_core) for _printf_core
    printf7.o(i.__0vsnprintf$7) refers to printf7.o(i._snputc) for _snputc
    printf7.o(i.__0vsprintf$7) refers to printf7.o(i._printf_core) for _printf_core
    printf7.o(i.__0vsprintf$7) refers to printf7.o(i._sputc) for _sputc
    printf7.o(i._printf_core) refers to printf7.o(i._printf_pre_padding) for _printf_pre_padding
    printf7.o(i._printf_core) refers to uldiv.o(.text) for __aeabi_uldivmod
    printf7.o(i._printf_core) refers to printf7.o(i._printf_post_padding) for _printf_post_padding
    printf8.o(i.__0fprintf$8) refers to printf8.o(i._printf_core) for _printf_core
    printf8.o(i.__0fprintf$8) refers to fputc.o(i.fputc) for fputc
    printf8.o(i.__0printf$8) refers to printf8.o(i._printf_core) for _printf_core
    printf8.o(i.__0printf$8) refers to fputc.o(i.fputc) for fputc
    printf8.o(i.__0printf$8) refers to stdout.o(.data) for __stdout
    printf8.o(i.__0snprintf$8) refers to printf8.o(i._printf_core) for _printf_core
    printf8.o(i.__0snprintf$8) refers to printf8.o(i._snputc) for _snputc
    printf8.o(i.__0sprintf$8) refers to printf8.o(i._printf_core) for _printf_core
    printf8.o(i.__0sprintf$8) refers to printf8.o(i._sputc) for _sputc
    printf8.o(i.__0vfprintf$8) refers to printf8.o(i._printf_core) for _printf_core
    printf8.o(i.__0vfprintf$8) refers to fputc.o(i.fputc) for fputc
    printf8.o(i.__0vprintf$8) refers to printf8.o(i._printf_core) for _printf_core
    printf8.o(i.__0vprintf$8) refers to fputc.o(i.fputc) for fputc
    printf8.o(i.__0vprintf$8) refers to stdout.o(.data) for __stdout
    printf8.o(i.__0vsnprintf$8) refers to printf8.o(i._printf_core) for _printf_core
    printf8.o(i.__0vsnprintf$8) refers to printf8.o(i._snputc) for _snputc
    printf8.o(i.__0vsprintf$8) refers to printf8.o(i._printf_core) for _printf_core
    printf8.o(i.__0vsprintf$8) refers to printf8.o(i._sputc) for _sputc
    printf8.o(i._printf_core) refers to printf8.o(i._printf_pre_padding) for _printf_pre_padding
    printf8.o(i._printf_core) refers to uldiv.o(.text) for __aeabi_uldivmod
    printf8.o(i._printf_core) refers to printf8.o(i._printf_post_padding) for _printf_post_padding
    printfa.o(i.__0fprintf) refers (Special) to iusefp.o(.text) for __I$use$fp
    printfa.o(i.__0fprintf) refers to printfa.o(i._printf_core) for _printf_core
    printfa.o(i.__0fprintf) refers to fputc.o(i.fputc) for fputc
    printfa.o(i.__0printf) refers (Special) to iusefp.o(.text) for __I$use$fp
    printfa.o(i.__0printf) refers to printfa.o(i._printf_core) for _printf_core
    printfa.o(i.__0printf) refers to fputc.o(i.fputc) for fputc
    printfa.o(i.__0printf) refers to stdout.o(.data) for __stdout
    printfa.o(i.__0snprintf) refers (Special) to iusefp.o(.text) for __I$use$fp
    printfa.o(i.__0snprintf) refers to printfa.o(i._printf_core) for _printf_core
    printfa.o(i.__0snprintf) refers to printfa.o(i._snputc) for _snputc
    printfa.o(i.__0sprintf) refers (Special) to iusefp.o(.text) for __I$use$fp
    printfa.o(i.__0sprintf) refers to printfa.o(i._printf_core) for _printf_core
    printfa.o(i.__0sprintf) refers to printfa.o(i._sputc) for _sputc
    printfa.o(i.__0vfprintf) refers (Special) to iusefp.o(.text) for __I$use$fp
    printfa.o(i.__0vfprintf) refers to printfa.o(i._printf_core) for _printf_core
    printfa.o(i.__0vfprintf) refers to fputc.o(i.fputc) for fputc
    printfa.o(i.__0vprintf) refers (Special) to iusefp.o(.text) for __I$use$fp
    printfa.o(i.__0vprintf) refers to printfa.o(i._printf_core) for _printf_core
    printfa.o(i.__0vprintf) refers to fputc.o(i.fputc) for fputc
    printfa.o(i.__0vprintf) refers to stdout.o(.data) for __stdout
    printfa.o(i.__0vsnprintf) refers (Special) to iusefp.o(.text) for __I$use$fp
    printfa.o(i.__0vsnprintf) refers to printfa.o(i._printf_core) for _printf_core
    printfa.o(i.__0vsnprintf) refers to printfa.o(i._snputc) for _snputc
    printfa.o(i.__0vsprintf) refers (Special) to iusefp.o(.text) for __I$use$fp
    printfa.o(i.__0vsprintf) refers to printfa.o(i._printf_core) for _printf_core
    printfa.o(i.__0vsprintf) refers to printfa.o(i._sputc) for _sputc
    printfa.o(i._fp_digits) refers (Special) to iusefp.o(.text) for __I$use$fp
    printfa.o(i._fp_digits) refers to dmul.o(.text) for __aeabi_dmul
    printfa.o(i._fp_digits) refers to ddiv.o(.text) for __aeabi_ddiv
    printfa.o(i._fp_digits) refers to cdrcmple.o(.text) for __aeabi_cdrcmple
    printfa.o(i._fp_digits) refers to dadd.o(.text) for __aeabi_dadd
    printfa.o(i._fp_digits) refers to dfixul.o(.text) for __aeabi_d2ulz
    printfa.o(i._fp_digits) refers to uldiv.o(.text) for __aeabi_uldivmod
    printfa.o(i._printf_core) refers (Special) to iusefp.o(.text) for __I$use$fp
    printfa.o(i._printf_core) refers to printfa.o(i._printf_pre_padding) for _printf_pre_padding
    printfa.o(i._printf_core) refers to uldiv.o(.text) for __aeabi_uldivmod
    printfa.o(i._printf_core) refers to printfa.o(i._printf_post_padding) for _printf_post_padding
    printfa.o(i._printf_core) refers to printfa.o(i._fp_digits) for _fp_digits
    printfa.o(i._printf_core) refers to uidiv.o(.text) for __aeabi_uidivmod
    printfa.o(i._printf_post_padding) refers (Special) to iusefp.o(.text) for __I$use$fp
    printfa.o(i._printf_pre_padding) refers (Special) to iusefp.o(.text) for __I$use$fp
    printfa.o(i._snputc) refers (Special) to iusefp.o(.text) for __I$use$fp
    printfa.o(i._sputc) refers (Special) to iusefp.o(.text) for __I$use$fp
    malloc.o(i.free) refers to mvars.o(.data) for __microlib_freelist
    malloc.o(i.malloc) refers to mvars.o(.data) for __microlib_freelist_initialised
    malloc.o(i.malloc) refers to mvars.o(.data) for __microlib_freelist
    malloc.o(i.malloc) refers to startup_n32l40x.o(HEAP) for __heap_base
    mallocr.o(i.__free$realloc) refers to mvars.o(.data) for __microlib_freelist
    mallocr.o(i.__malloc$realloc) refers to mallocr.o(i.internal_alloc) for internal_alloc
    mallocr.o(i.__malloc$realloc) refers to mvars.o(.data) for __microlib_freelist_initialised
    mallocr.o(i.__malloc$realloc) refers to startup_n32l40x.o(HEAP) for __heap_base
    mallocr.o(i.__malloc$realloc) refers to mvars.o(.data) for __microlib_freelist
    mallocr.o(i.internal_alloc) refers to memcpya.o(.text) for __aeabi_memcpy
    mallocr.o(i.internal_alloc) refers to mvars.o(.data) for __microlib_freelist
    mallocr.o(i.realloc) refers to mallocr.o(i.__free$realloc) for __free$realloc
    mallocr.o(i.realloc) refers to mallocr.o(i.internal_alloc) for internal_alloc
    mallocr.o(i.realloc) refers to mallocr.o(i.__malloc$realloc) for __malloc$realloc
    mallocr.o(i.realloc) refers to mvars.o(.data) for __microlib_freelist
    malloca.o(i.__aligned_malloc) refers to mvars.o(.data) for __microlib_freelist_initialised
    malloca.o(i.__aligned_malloc) refers to mvars.o(.data) for __microlib_freelist
    malloca.o(i.__aligned_malloc) refers to startup_n32l40x.o(HEAP) for __heap_base
    malloca.o(i.__free$memalign) refers to mvars.o(.data) for __microlib_freelist
    malloca.o(i.__malloc$memalign) refers to malloca.o(i.__aligned_malloc) for __aligned_malloc
    mallocra.o(i.__aligned_malloc$realloc) refers to mallocra.o(i.internal_alloc) for internal_alloc
    mallocra.o(i.__aligned_malloc$realloc) refers to mvars.o(.data) for __microlib_freelist_initialised
    mallocra.o(i.__aligned_malloc$realloc) refers to startup_n32l40x.o(HEAP) for __heap_base
    mallocra.o(i.__aligned_malloc$realloc) refers to mvars.o(.data) for __microlib_freelist
    mallocra.o(i.__free$realloc$memalign) refers to mvars.o(.data) for __microlib_freelist
    mallocra.o(i.__malloc$realloc$memalign) refers to mallocra.o(i.__aligned_malloc$realloc) for __aligned_malloc$realloc
    mallocra.o(i.__realloc$memalign) refers to mallocra.o(i.__free$realloc$memalign) for __free$realloc$memalign
    mallocra.o(i.__realloc$memalign) refers to mallocra.o(i.internal_alloc) for internal_alloc
    mallocra.o(i.__realloc$memalign) refers to mallocra.o(i.__malloc$realloc$memalign) for __malloc$realloc$memalign
    mallocra.o(i.__realloc$memalign) refers to mvars.o(.data) for __microlib_freelist
    mallocra.o(i.internal_alloc) refers to memcpya.o(.text) for __aeabi_memcpy
    mallocra.o(i.internal_alloc) refers to mvars.o(.data) for __microlib_freelist
    entry2.o(.ARM.Collect$$$$00000001) refers to entry2.o(.ARM.Collect$$$$00002712) for __lit__00000000
    entry2.o(.ARM.Collect$$$$00002712) refers to startup_n32l40x.o(STACK) for __initial_sp
    entry2.o(__vectab_stack_and_reset_area) refers to startup_n32l40x.o(STACK) for __initial_sp
    entry2.o(__vectab_stack_and_reset_area) refers to entry.o(.ARM.Collect$$$$00000000) for __main
    entry5.o(.ARM.Collect$$$$00000004) refers to init.o(.text) for __scatterload
    entry9a.o(.ARM.Collect$$$$0000000B) refers to main.o(i.main) for main
    entry9b.o(.ARM.Collect$$$$0000000C) refers to main.o(i.main) for main
    fputc.o(i.fputc) refers (Special) to iusesemip.o(.text) for __I$use$semihosting$fputc
    fputc.o(i.fputc) refers (Special) to semi.o(.text) for __semihosting_library_function
    uldiv.o(.text) refers to llushr.o(.text) for __aeabi_llsr
    uldiv.o(.text) refers to llshl.o(.text) for __aeabi_llsl
    dadd.o(.text) refers to llshl.o(.text) for __aeabi_llsl
    dadd.o(.text) refers to llsshr.o(.text) for __aeabi_lasr
    dadd.o(.text) refers to depilogue.o(.text) for _double_epilogue
    dmul.o(.text) refers to depilogue.o(.text) for _double_epilogue
    ddiv.o(.text) refers to depilogue.o(.text) for _double_round
    dfixul.o(.text) refers to llushr.o(.text) for __aeabi_llsr
    dfixul.o(.text) refers to llshl.o(.text) for __aeabi_llsl
    init.o(.text) refers to entry5.o(.ARM.Collect$$$$00000004) for __main_after_scatterload
    depilogue.o(.text) refers to llshl.o(.text) for __aeabi_llsl
    depilogue.o(.text) refers to llushr.o(.text) for __aeabi_llsr


==============================================================================

Removing Unused input sections from the image.

    Removing system_n32l40x.o(.rev16_text), (4 bytes).
    Removing system_n32l40x.o(.revsh_text), (4 bytes).
    Removing system_n32l40x.o(.rrx_text), (6 bytes).
    Removing system_n32l40x.o(i.SystemCoreClockUpdate), (168 bytes).
    Removing system_n32l40x.o(.constdata), (44 bytes).
    Removing main.o(.rev16_text), (4 bytes).
    Removing main.o(.revsh_text), (4 bytes).
    Removing main.o(.rrx_text), (6 bytes).
    Removing n32l40x_it.o(.rev16_text), (4 bytes).
    Removing n32l40x_it.o(.revsh_text), (4 bytes).
    Removing n32l40x_it.o(.rrx_text), (6 bytes).
    Removing n32l40x_it.o(i.DMA_IRQ_HANDLER), (2 bytes).
    Removing dcd_user.o(i.GPIO_CFG_CpltCallback), (2 bytes).
    Removing dcd_user.o(i.RCC_CFG_CpltCallback), (2 bytes).
    Removing dcd_user.o(i.dcd_write_to_flash), (248 bytes).
    Removing dcd_user.o(.data), (12 bytes).
    Removing dcd_port.o(.rev16_text), (4 bytes).
    Removing dcd_port.o(.revsh_text), (4 bytes).
    Removing dcd_port.o(.rrx_text), (6 bytes).
    Removing dcd_port.o(i.dcd_port_erase), (12 bytes).
    Removing dcd_port.o(i.dcd_port_write), (12 bytes).
    Removing dcd_port.o(i.dcd_read_example), (28 bytes).
    Removing dcd_port.o(i.dcd_write_example), (204 bytes).
    Removing dcd_port.o(.constdata), (32 bytes).
    Removing af_port.o(.rev16_text), (4 bytes).
    Removing af_port.o(.revsh_text), (4 bytes).
    Removing af_port.o(.rrx_text), (6 bytes).
    Removing af_port.o(i.af_port_write), (76 bytes).
    Removing af_port.o(i.af_write_upgrade_data_patition), (16 bytes).
    Removing iap.o(.rev16_text), (4 bytes).
    Removing iap.o(.revsh_text), (4 bytes).
    Removing iap.o(.rrx_text), (6 bytes).
    Removing n32l40x_rcc.o(.rev16_text), (4 bytes).
    Removing n32l40x_rcc.o(.revsh_text), (4 bytes).
    Removing n32l40x_rcc.o(.rrx_text), (6 bytes).
    Removing n32l40x_rcc.o(i.RCC_ClrFlag), (24 bytes).
    Removing n32l40x_rcc.o(i.RCC_ClrIntPendingBit), (16 bytes).
    Removing n32l40x_rcc.o(i.RCC_ClrSRAMParityErrorFlag), (16 bytes).
    Removing n32l40x_rcc.o(i.RCC_ConfigAdc1mClk), (20 bytes).
    Removing n32l40x_rcc.o(i.RCC_ConfigAdcHclk), (20 bytes).
    Removing n32l40x_rcc.o(i.RCC_ConfigAdcPllClk), (28 bytes).
    Removing n32l40x_rcc.o(i.RCC_ConfigHsi), (28 bytes).
    Removing n32l40x_rcc.o(i.RCC_ConfigInt), (28 bytes).
    Removing n32l40x_rcc.o(i.RCC_ConfigLPTIMClk), (48 bytes).
    Removing n32l40x_rcc.o(i.RCC_ConfigLPUARTClk), (24 bytes).
    Removing n32l40x_rcc.o(i.RCC_ConfigLSXClk), (24 bytes).
    Removing n32l40x_rcc.o(i.RCC_ConfigLse), (68 bytes).
    Removing n32l40x_rcc.o(i.RCC_ConfigMco), (20 bytes).
    Removing n32l40x_rcc.o(i.RCC_ConfigMcoClkPre), (20 bytes).
    Removing n32l40x_rcc.o(i.RCC_ConfigMsi), (44 bytes).
    Removing n32l40x_rcc.o(i.RCC_ConfigRngcClk), (20 bytes).
    Removing n32l40x_rcc.o(i.RCC_ConfigRtcClk), (24 bytes).
    Removing n32l40x_rcc.o(i.RCC_ConfigSRAMParityErrorInt), (24 bytes).
    Removing n32l40x_rcc.o(i.RCC_ConfigSRAMParityErrorRESET), (24 bytes).
    Removing n32l40x_rcc.o(i.RCC_ConfigTim18Clk), (20 bytes).
    Removing n32l40x_rcc.o(i.RCC_ConfigTrng1mClk), (20 bytes).
    Removing n32l40x_rcc.o(i.RCC_ConfigUCDRClk), (36 bytes).
    Removing n32l40x_rcc.o(i.RCC_ConfigUSBXTALESSMode), (24 bytes).
    Removing n32l40x_rcc.o(i.RCC_ConfigUsbClk), (16 bytes).
    Removing n32l40x_rcc.o(i.RCC_EnableAHBPeriphClk), (24 bytes).
    Removing n32l40x_rcc.o(i.RCC_EnableAHBPeriphReset), (24 bytes).
    Removing n32l40x_rcc.o(i.RCC_EnableAPB1PeriphClk), (24 bytes).
    Removing n32l40x_rcc.o(i.RCC_EnableAPB1PeriphReset), (24 bytes).
    Removing n32l40x_rcc.o(i.RCC_EnableAPB2PeriphReset), (24 bytes).
    Removing n32l40x_rcc.o(i.RCC_EnableClockSecuritySystem), (12 bytes).
    Removing n32l40x_rcc.o(i.RCC_EnableLSEClockSecuritySystem), (12 bytes).
    Removing n32l40x_rcc.o(i.RCC_EnableLowPowerReset), (12 bytes).
    Removing n32l40x_rcc.o(i.RCC_EnableLsi), (12 bytes).
    Removing n32l40x_rcc.o(i.RCC_EnableMsi), (12 bytes).
    Removing n32l40x_rcc.o(i.RCC_EnableRETPeriphClk), (24 bytes).
    Removing n32l40x_rcc.o(i.RCC_EnableRETPeriphReset), (28 bytes).
    Removing n32l40x_rcc.o(i.RCC_EnableRtcClk), (12 bytes).
    Removing n32l40x_rcc.o(i.RCC_EnableTrng1mClk), (28 bytes).
    Removing n32l40x_rcc.o(i.RCC_GetIntStatus), (20 bytes).
    Removing n32l40x_rcc.o(i.RCC_GetLPTIMClkSrc), (16 bytes).
    Removing n32l40x_rcc.o(i.RCC_GetLPUARTClkSrc), (16 bytes).
    Removing n32l40x_rcc.o(i.RCC_GetLSEClockSecuritySystemStatus), (20 bytes).
    Removing n32l40x_rcc.o(i.RCC_GetLSXClkSrc), (16 bytes).
    Removing n32l40x_rcc.o(i.RCC_GetRTCClkSrc), (16 bytes).
    Removing n32l40x_rcc.o(i.RCC_SetHsiCalibValue), (20 bytes).
    Removing n32l40x_rcc.o(i.RCC_SetMsiCalibValue), (20 bytes).
    Removing n32l40x_rcc.o(i.RCC_WaitHsiStable), (44 bytes).
    Removing n32l40x_rcc.o(i.RCC_WaitMsiStable), (44 bytes).
    Removing n32l40x_usart.o(.rev16_text), (4 bytes).
    Removing n32l40x_usart.o(.revsh_text), (4 bytes).
    Removing n32l40x_usart.o(.rrx_text), (6 bytes).
    Removing n32l40x_usart.o(i.USART_ClockInit), (30 bytes).
    Removing n32l40x_usart.o(i.USART_ClockStructInit), (12 bytes).
    Removing n32l40x_usart.o(i.USART_ClrFlag), (6 bytes).
    Removing n32l40x_usart.o(i.USART_ClrIntPendingBit), (12 bytes).
    Removing n32l40x_usart.o(i.USART_ConfigInt), (48 bytes).
    Removing n32l40x_usart.o(i.USART_ConfigIrDAMode), (16 bytes).
    Removing n32l40x_usart.o(i.USART_ConfigLINBreakDetectLength), (16 bytes).
    Removing n32l40x_usart.o(i.USART_ConfigWakeUpMode), (16 bytes).
    Removing n32l40x_usart.o(i.USART_DeInit), (136 bytes).
    Removing n32l40x_usart.o(i.USART_Enable), (20 bytes).
    Removing n32l40x_usart.o(i.USART_EnableDMA), (16 bytes).
    Removing n32l40x_usart.o(i.USART_EnableHalfDuplex), (20 bytes).
    Removing n32l40x_usart.o(i.USART_EnableIrDA), (20 bytes).
    Removing n32l40x_usart.o(i.USART_EnableLIN), (20 bytes).
    Removing n32l40x_usart.o(i.USART_EnableRcvWakeUp), (20 bytes).
    Removing n32l40x_usart.o(i.USART_EnableSmartCard), (20 bytes).
    Removing n32l40x_usart.o(i.USART_GetFlagStatus), (14 bytes).
    Removing n32l40x_usart.o(i.USART_GetIntStatus), (62 bytes).
    Removing n32l40x_usart.o(i.USART_Init), (160 bytes).
    Removing n32l40x_usart.o(i.USART_ReceiveData), (8 bytes).
    Removing n32l40x_usart.o(i.USART_SendBreak), (10 bytes).
    Removing n32l40x_usart.o(i.USART_SendData), (8 bytes).
    Removing n32l40x_usart.o(i.USART_SetAddr), (16 bytes).
    Removing n32l40x_usart.o(i.USART_SetGuardTime), (16 bytes).
    Removing n32l40x_usart.o(i.USART_SetPrescaler), (16 bytes).
    Removing n32l40x_usart.o(i.USART_SetSmartCardNACK), (20 bytes).
    Removing n32l40x_usart.o(i.USART_StructInit), (22 bytes).
    Removing n32l40x_flash.o(.rev16_text), (4 bytes).
    Removing n32l40x_flash.o(.revsh_text), (4 bytes).
    Removing n32l40x_flash.o(.rrx_text), (6 bytes).
    Removing n32l40x_flash.o(i.FLASH_ConfigALLOptionByte), (328 bytes).
    Removing n32l40x_flash.o(i.FLASH_ConfigUserOB), (192 bytes).
    Removing n32l40x_flash.o(i.FLASH_ConfigUserOB2), (220 bytes).
    Removing n32l40x_flash.o(i.FLASH_EnWriteProtection), (168 bytes).
    Removing n32l40x_flash.o(i.FLASH_EraseOB), (164 bytes).
    Removing n32l40x_flash.o(i.FLASH_FLASHSleepModeCmd), (24 bytes).
    Removing n32l40x_flash.o(i.FLASH_GetFLASHSleepModeSTS), (20 bytes).
    Removing n32l40x_flash.o(i.FLASH_GetFlagSTS), (32 bytes).
    Removing n32l40x_flash.o(i.FLASH_GetLowVoltageModeSTS), (20 bytes).
    Removing n32l40x_flash.o(i.FLASH_GetPrefetchBufSTS), (20 bytes).
    Removing n32l40x_flash.o(i.FLASH_GetReadOutProtectionL2STS), (20 bytes).
    Removing n32l40x_flash.o(i.FLASH_GetReadOutProtectionSTS), (20 bytes).
    Removing n32l40x_flash.o(i.FLASH_GetSMPSELStatus), (24 bytes).
    Removing n32l40x_flash.o(i.FLASH_GetUserOB), (12 bytes).
    Removing n32l40x_flash.o(i.FLASH_GetWriteProtectionOB), (12 bytes).
    Removing n32l40x_flash.o(i.FLASH_INTConfig), (24 bytes).
    Removing n32l40x_flash.o(i.FLASH_LowVoltageModeCmd), (24 bytes).
    Removing n32l40x_flash.o(i.FLASH_MassErase), (64 bytes).
    Removing n32l40x_flash.o(i.FLASH_PrefetchBufSet), (24 bytes).
    Removing n32l40x_flash.o(i.FLASH_ProgramOBData), (92 bytes).
    Removing n32l40x_flash.o(i.FLASH_ReadOutProtectionL1), (168 bytes).
    Removing n32l40x_flash.o(i.FLASH_ReadOutProtectionL2_ENABLE), (192 bytes).
    Removing n32l40x_flash.o(i.FLASH_SetLatency), (20 bytes).
    Removing n32l40x_flash.o(i.FLASH_SetSMPSELStatus), (24 bytes).
    Removing n32l40x_flash.o(i.FLASH_iCacheCmd), (24 bytes).
    Removing n32l40x_flash.o(i.FLASH_iCacheRST), (16 bytes).
    Removing n32l40x_gpio.o(.rev16_text), (4 bytes).
    Removing n32l40x_gpio.o(.revsh_text), (4 bytes).
    Removing n32l40x_gpio.o(.rrx_text), (6 bytes).
    Removing n32l40x_gpio.o(i.AFIO_ConfigADCExternalTrigRemap), (68 bytes).
    Removing n32l40x_gpio.o(i.AFIO_ConfigSPINSSMode), (24 bytes).
    Removing n32l40x_gpio.o(i.GPIO_AFIOInitDefault), (22 bytes).
    Removing n32l40x_gpio.o(i.GPIO_ConfigEXTILine), (40 bytes).
    Removing n32l40x_gpio.o(i.GPIO_ConfigEventOutput), (84 bytes).
    Removing n32l40x_gpio.o(i.GPIO_ConfigPinLock), (16 bytes).
    Removing n32l40x_gpio.o(i.GPIO_ConfigPinRemap), (88 bytes).
    Removing n32l40x_gpio.o(i.GPIO_CtrlEventOutput), (12 bytes).
    Removing n32l40x_gpio.o(i.GPIO_DeInit), (364 bytes).
    Removing n32l40x_gpio.o(i.GPIO_ReadInputData), (6 bytes).
    Removing n32l40x_gpio.o(i.GPIO_ReadInputDataBit), (14 bytes).
    Removing n32l40x_gpio.o(i.GPIO_ReadOutputData), (6 bytes).
    Removing n32l40x_gpio.o(i.GPIO_ReadOutputDataBit), (14 bytes).
    Removing n32l40x_gpio.o(i.GPIO_SetBitsHigh16), (4 bytes).
    Removing n32l40x_gpio.o(i.GPIO_Write), (4 bytes).
    Removing n32l40x_gpio.o(i.GPIO_WriteBit), (10 bytes).
    Removing dadd.o(.text), (334 bytes).
    Removing dmul.o(.text), (228 bytes).
    Removing ddiv.o(.text), (222 bytes).
    Removing dfixul.o(.text), (48 bytes).
    Removing cdrcmple.o(.text), (48 bytes).
    Removing depilogue.o(.text), (186 bytes).

167 unused section(s) (total 6708 bytes) removed from the image.

==============================================================================

Image Symbol Table

    Local Symbols

    Symbol Name                              Value     Ov Type        Size  Object(Section)

    ../clib/microlib/division.c              0x00000000   Number         0  uidiv.o ABSOLUTE
    ../clib/microlib/division.c              0x00000000   Number         0  uldiv.o ABSOLUTE
    ../clib/microlib/init/entry.s            0x00000000   Number         0  entry11a.o ABSOLUTE
    ../clib/microlib/init/entry.s            0x00000000   Number         0  entry.o ABSOLUTE
    ../clib/microlib/init/entry.s            0x00000000   Number         0  entry11b.o ABSOLUTE
    ../clib/microlib/init/entry.s            0x00000000   Number         0  entry12a.o ABSOLUTE
    ../clib/microlib/init/entry.s            0x00000000   Number         0  entry8a.o ABSOLUTE
    ../clib/microlib/init/entry.s            0x00000000   Number         0  entry7a.o ABSOLUTE
    ../clib/microlib/init/entry.s            0x00000000   Number         0  entry8b.o ABSOLUTE
    ../clib/microlib/init/entry.s            0x00000000   Number         0  entry12b.o ABSOLUTE
    ../clib/microlib/init/entry.s            0x00000000   Number         0  entry2.o ABSOLUTE
    ../clib/microlib/init/entry.s            0x00000000   Number         0  entry5.o ABSOLUTE
    ../clib/microlib/init/entry.s            0x00000000   Number         0  entry7b.o ABSOLUTE
    ../clib/microlib/init/entry.s            0x00000000   Number         0  entry9a.o ABSOLUTE
    ../clib/microlib/init/entry.s            0x00000000   Number         0  entry9b.o ABSOLUTE
    ../clib/microlib/init/entry.s            0x00000000   Number         0  entry10a.o ABSOLUTE
    ../clib/microlib/init/entry.s            0x00000000   Number         0  entry10b.o ABSOLUTE
    ../clib/microlib/longlong.c              0x00000000   Number         0  llsshr.o ABSOLUTE
    ../clib/microlib/longlong.c              0x00000000   Number         0  llshl.o ABSOLUTE
    ../clib/microlib/longlong.c              0x00000000   Number         0  llushr.o ABSOLUTE
    ../clib/microlib/malloc/malloc.c         0x00000000   Number         0  malloca.o ABSOLUTE
    ../clib/microlib/malloc/malloc.c         0x00000000   Number         0  mallocr.o ABSOLUTE
    ../clib/microlib/malloc/malloc.c         0x00000000   Number         0  malloc.o ABSOLUTE
    ../clib/microlib/malloc/malloc.c         0x00000000   Number         0  mallocra.o ABSOLUTE
    ../clib/microlib/malloc/mvars.c          0x00000000   Number         0  mvars.o ABSOLUTE
    ../clib/microlib/printf/printf.c         0x00000000   Number         0  printf4.o ABSOLUTE
    ../clib/microlib/printf/printf.c         0x00000000   Number         0  printf0.o ABSOLUTE
    ../clib/microlib/printf/printf.c         0x00000000   Number         0  printfb.o ABSOLUTE
    ../clib/microlib/printf/printf.c         0x00000000   Number         0  printf1.o ABSOLUTE
    ../clib/microlib/printf/printf.c         0x00000000   Number         0  printf2.o ABSOLUTE
    ../clib/microlib/printf/printf.c         0x00000000   Number         0  printf3.o ABSOLUTE
    ../clib/microlib/printf/printf.c         0x00000000   Number         0  printf5.o ABSOLUTE
    ../clib/microlib/printf/printf.c         0x00000000   Number         0  printf8.o ABSOLUTE
    ../clib/microlib/printf/printf.c         0x00000000   Number         0  printf6.o ABSOLUTE
    ../clib/microlib/printf/printf.c         0x00000000   Number         0  printf7.o ABSOLUTE
    ../clib/microlib/printf/printf.c         0x00000000   Number         0  printfa.o ABSOLUTE
    ../clib/microlib/printf/stubs.s          0x00000000   Number         0  stubs.o ABSOLUTE
    ../clib/microlib/stdio/fputc.c           0x00000000   Number         0  fputc.o ABSOLUTE
    ../clib/microlib/stdio/semi.s            0x00000000   Number         0  semi.o ABSOLUTE
    ../clib/microlib/stdio/streams.c         0x00000000   Number         0  stdout.o ABSOLUTE
    ../clib/microlib/string/memcpy.c         0x00000000   Number         0  memcpya.o ABSOLUTE
    ../clib/microlib/string/memcpy.c         0x00000000   Number         0  memcpyb.o ABSOLUTE
    ../clib/microlib/string/memset.c         0x00000000   Number         0  memseta.o ABSOLUTE
    ../clib/microlib/stubs.s                 0x00000000   Number         0  iusesemip.o ABSOLUTE
    ../clib/microlib/stubs.s                 0x00000000   Number         0  iusefp.o ABSOLUTE
    ../fplib/microlib/fpadd.c                0x00000000   Number         0  dadd.o ABSOLUTE
    ../fplib/microlib/fpdiv.c                0x00000000   Number         0  ddiv.o ABSOLUTE
    ../fplib/microlib/fpepilogue.c           0x00000000   Number         0  depilogue.o ABSOLUTE
    ../fplib/microlib/fpfix.c                0x00000000   Number         0  dfixul.o ABSOLUTE
    ../fplib/microlib/fpmul.c                0x00000000   Number         0  dmul.o ABSOLUTE
    ..\..\firmware\CMSIS\device\startup\startup_n32l40x.s 0x00000000   Number         0  startup_n32l40x.o ABSOLUTE
    ..\..\firmware\CMSIS\device\system_n32l40x.c 0x00000000   Number         0  system_n32l40x.o ABSOLUTE
    ..\..\firmware\n32l40x_std_periph_driver\src\n32l40x_flash.c 0x00000000   Number         0  n32l40x_flash.o ABSOLUTE
    ..\..\firmware\n32l40x_std_periph_driver\src\n32l40x_gpio.c 0x00000000   Number         0  n32l40x_gpio.o ABSOLUTE
    ..\..\firmware\n32l40x_std_periph_driver\src\n32l40x_rcc.c 0x00000000   Number         0  n32l40x_rcc.o ABSOLUTE
    ..\..\firmware\n32l40x_std_periph_driver\src\n32l40x_usart.c 0x00000000   Number         0  n32l40x_usart.o ABSOLUTE
    ..\\..\\firmware\\CMSIS\\device\\system_n32l40x.c 0x00000000   Number         0  system_n32l40x.o ABSOLUTE
    ..\\..\\firmware\\n32l40x_std_periph_driver\\src\\n32l40x_flash.c 0x00000000   Number         0  n32l40x_flash.o ABSOLUTE
    ..\\..\\firmware\\n32l40x_std_periph_driver\\src\\n32l40x_gpio.c 0x00000000   Number         0  n32l40x_gpio.o ABSOLUTE
    ..\\..\\firmware\\n32l40x_std_periph_driver\\src\\n32l40x_rcc.c 0x00000000   Number         0  n32l40x_rcc.o ABSOLUTE
    ..\\..\\firmware\\n32l40x_std_periph_driver\\src\\n32l40x_usart.c 0x00000000   Number         0  n32l40x_usart.o ABSOLUTE
    ..\\user\\af_port.c                      0x00000000   Number         0  af_port.o ABSOLUTE
    ..\\user\\dcd_port.c                     0x00000000   Number         0  dcd_port.o ABSOLUTE
    ..\\user\\iap.c                          0x00000000   Number         0  iap.o ABSOLUTE
    ..\\user\\main.c                         0x00000000   Number         0  main.o ABSOLUTE
    ..\\user\\n32l40x_it.c                   0x00000000   Number         0  n32l40x_it.o ABSOLUTE
    ..\user\af_port.c                        0x00000000   Number         0  af_port.o ABSOLUTE
    ..\user\af_utils.c                       0x00000000   Number         0  af_utils.o ABSOLUTE
    ..\user\dcd_port.c                       0x00000000   Number         0  dcd_port.o ABSOLUTE
    ..\user\dcd_user.c                       0x00000000   Number         0  dcd_user.o ABSOLUTE
    ..\user\iap.c                            0x00000000   Number         0  iap.o ABSOLUTE
    ..\user\main.c                           0x00000000   Number         0  main.o ABSOLUTE
    ..\user\n32l40x_it.c                     0x00000000   Number         0  n32l40x_it.o ABSOLUTE
    cdrcmple.s                               0x00000000   Number         0  cdrcmple.o ABSOLUTE
    dc.s                                     0x00000000   Number         0  dc.o ABSOLUTE
    handlers.s                               0x00000000   Number         0  handlers.o ABSOLUTE
    init.s                                   0x00000000   Number         0  init.o ABSOLUTE
    RESET                                    0x08000000   Section      328  startup_n32l40x.o(RESET)
    .ARM.Collect$$$$00000000                 0x08000148   Section        0  entry.o(.ARM.Collect$$$$00000000)
    .ARM.Collect$$$$00000001                 0x08000148   Section        4  entry2.o(.ARM.Collect$$$$00000001)
    .ARM.Collect$$$$00000004                 0x0800014c   Section        4  entry5.o(.ARM.Collect$$$$00000004)
    .ARM.Collect$$$$00000008                 0x08000150   Section        0  entry7b.o(.ARM.Collect$$$$00000008)
    .ARM.Collect$$$$0000000A                 0x08000150   Section        0  entry8b.o(.ARM.Collect$$$$0000000A)
    .ARM.Collect$$$$0000000B                 0x08000150   Section        8  entry9a.o(.ARM.Collect$$$$0000000B)
    .ARM.Collect$$$$0000000E                 0x08000158   Section        4  entry12b.o(.ARM.Collect$$$$0000000E)
    .ARM.Collect$$$$0000000F                 0x0800015c   Section        0  entry10a.o(.ARM.Collect$$$$0000000F)
    .ARM.Collect$$$$00000011                 0x0800015c   Section        0  entry11a.o(.ARM.Collect$$$$00000011)
    .ARM.Collect$$$$00002712                 0x0800015c   Section        4  entry2.o(.ARM.Collect$$$$00002712)
    __lit__00000000                          0x0800015c   Data           4  entry2.o(.ARM.Collect$$$$00002712)
    .emb_text                                0x08000160   Section        6  iap.o(.emb_text)
    $v0                                      0x08000160   Number         0  iap.o(.emb_text)
    .text                                    0x08000168   Section       36  startup_n32l40x.o(.text)
    $v0                                      0x08000168   Number         0  startup_n32l40x.o(.text)
    .text                                    0x0800018c   Section        0  memcpya.o(.text)
    .text                                    0x080001b0   Section        0  memseta.o(.text)
    .text                                    0x080001d4   Section       36  init.o(.text)
    i.BusFault_Handler                       0x080001f8   Section        0  n32l40x_it.o(i.BusFault_Handler)
    i.ConfigMRVoltage1V                      0x080001fc   Section        0  system_n32l40x.o(i.ConfigMRVoltage1V)
    i.DebugMon_Handler                       0x08000238   Section        0  n32l40x_it.o(i.DebugMon_Handler)
    i.FLASH_ClearFlag                        0x0800023c   Section        0  n32l40x_flash.o(i.FLASH_ClearFlag)
    i.FLASH_ClockInit                        0x0800024c   Section        0  n32l40x_flash.o(i.FLASH_ClockInit)
    i.FLASH_EraseOnePage                     0x0800028c   Section        0  n32l40x_flash.o(i.FLASH_EraseOnePage)
    i.FLASH_GetSTS                           0x080002d0   Section        0  n32l40x_flash.o(i.FLASH_GetSTS)
    i.FLASH_Lock                             0x0800030c   Section        0  n32l40x_flash.o(i.FLASH_Lock)
    i.FLASH_ProgramWord                      0x0800031c   Section        0  n32l40x_flash.o(i.FLASH_ProgramWord)
    i.FLASH_Unlock                           0x08000364   Section        0  n32l40x_flash.o(i.FLASH_Unlock)
    i.FLASH_WaitForLastOpt                   0x0800037c   Section        0  n32l40x_flash.o(i.FLASH_WaitForLastOpt)
    i.GPIO_CFG_CpltCallback                  0x080003a0   Section        0  dcd_port.o(i.GPIO_CFG_CpltCallback)
    i.GPIO_InitPeripheral                    0x0800043c   Section        0  n32l40x_gpio.o(i.GPIO_InitPeripheral)
    i.GPIO_InitStruct                        0x08000678   Section        0  n32l40x_gpio.o(i.GPIO_InitStruct)
    i.GPIO_ResetBits                         0x0800068e   Section        0  n32l40x_gpio.o(i.GPIO_ResetBits)
    i.GPIO_SetBits                           0x08000692   Section        0  n32l40x_gpio.o(i.GPIO_SetBits)
    i.HardFault_Handler                      0x08000696   Section        0  n32l40x_it.o(i.HardFault_Handler)
    i.MemManage_Handler                      0x08000698   Section        0  n32l40x_it.o(i.MemManage_Handler)
    i.NMI_Handler                            0x0800069a   Section        0  n32l40x_it.o(i.NMI_Handler)
    i.RCC_CFG_CpltCallback                   0x0800069c   Section        0  dcd_port.o(i.RCC_CFG_CpltCallback)
    i.RCC_ConfigHclk                         0x08000744   Section        0  n32l40x_rcc.o(i.RCC_ConfigHclk)
    i.RCC_ConfigHse                          0x08000758   Section        0  n32l40x_rcc.o(i.RCC_ConfigHse)
    i.RCC_ConfigPclk1                        0x0800078c   Section        0  n32l40x_rcc.o(i.RCC_ConfigPclk1)
    i.RCC_ConfigPclk2                        0x080007a0   Section        0  n32l40x_rcc.o(i.RCC_ConfigPclk2)
    i.RCC_ConfigPll                          0x080007b4   Section        0  n32l40x_rcc.o(i.RCC_ConfigPll)
    i.RCC_ConfigSysclk                       0x080007e8   Section        0  n32l40x_rcc.o(i.RCC_ConfigSysclk)
    i.RCC_DeInit                             0x080007fc   Section        0  n32l40x_rcc.o(i.RCC_DeInit)
    i.RCC_EnableAPB2PeriphClk                0x0800084c   Section        0  n32l40x_rcc.o(i.RCC_EnableAPB2PeriphClk)
    i.RCC_EnableHsi                          0x08000864   Section        0  n32l40x_rcc.o(i.RCC_EnableHsi)
    i.RCC_EnablePll                          0x08000870   Section        0  n32l40x_rcc.o(i.RCC_EnablePll)
    i.RCC_GetClocksFreqValue                 0x0800087c   Section        0  n32l40x_rcc.o(i.RCC_GetClocksFreqValue)
    i.RCC_GetFlagStatus                      0x08000968   Section        0  n32l40x_rcc.o(i.RCC_GetFlagStatus)
    i.RCC_GetSysclkSrc                       0x08000998   Section        0  n32l40x_rcc.o(i.RCC_GetSysclkSrc)
    i.RCC_WaitHseStable                      0x080009a8   Section        0  n32l40x_rcc.o(i.RCC_WaitHseStable)
    i.SVC_Handler                            0x080009d4   Section        0  n32l40x_it.o(i.SVC_Handler)
    i.SetSysClock                            0x080009d8   Section        0  system_n32l40x.o(i.SetSysClock)
    SetSysClock                              0x080009d9   Thumb Code   166  system_n32l40x.o(i.SetSysClock)
    i.SoftReset                              0x08000a94   Section        0  iap.o(i.SoftReset)
    i.SysTick_Handler                        0x08000abc   Section        0  n32l40x_it.o(i.SysTick_Handler)
    i.SystemInit                             0x08000ac0   Section        0  system_n32l40x.o(i.SystemInit)
    i.UsageFault_Handler                     0x08000b78   Section        0  n32l40x_it.o(i.UsageFault_Handler)
    i.__scatterload_copy                     0x08000b7a   Section       14  handlers.o(i.__scatterload_copy)
    i.__scatterload_null                     0x08000b88   Section        2  handlers.o(i.__scatterload_null)
    i.__scatterload_zeroinit                 0x08000b8a   Section       14  handlers.o(i.__scatterload_zeroinit)
    i.af_calc_crc32                          0x08000b98   Section        0  af_utils.o(i.af_calc_crc32)
    i.af_erase_upgrade_data_partition        0x08000bbc   Section        0  af_port.o(i.af_erase_upgrade_data_partition)
    i.af_flash_check                         0x08000bcc   Section        0  af_port.o(i.af_flash_check)
    i.af_flash_earse_one_page                0x08000c10   Section        0  af_port.o(i.af_flash_earse_one_page)
    i.af_flash_lock                          0x08000c22   Section        0  af_port.o(i.af_flash_lock)
    i.af_flash_program_word                  0x08000c26   Section        0  af_port.o(i.af_flash_program_word)
    i.af_flash_unlock                        0x08000c38   Section        0  af_port.o(i.af_flash_unlock)
    i.af_port_erase                          0x08000c3c   Section        0  af_port.o(i.af_port_erase)
    i.af_port_read                           0x08000c80   Section        0  af_port.o(i.af_port_read)
    i.dcd_config_device                      0x08000cac   Section        0  dcd_user.o(i.dcd_config_device)
    i.dcd_port_read                          0x08000d96   Section        0  dcd_port.o(i.dcd_port_read)
    i.dcd_read_check_header                  0x08000da4   Section        0  dcd_user.o(i.dcd_read_check_header)
    dcd_read_check_header                    0x08000da5   Thumb Code   122  dcd_user.o(i.dcd_read_check_header)
    i.delay_ms                               0x08000e24   Section        0  main.o(i.delay_ms)
    delay_ms                                 0x08000e25   Thumb Code    24  main.o(i.delay_ms)
    i.free                                   0x08000e3c   Section        0  malloc.o(i.free)
    i.iap_load_app                           0x08000e8c   Section        0  iap.o(i.iap_load_app)
    i.main                                   0x08000eb8   Section        0  main.o(i.main)
    i.malloc                                 0x08001054   Section        0  malloc.o(i.malloc)
    .constdata                               0x080010c0   Section     1024  af_utils.o(.constdata)
    crc32_table                              0x080010c0   Data        1024  af_utils.o(.constdata)
    .constdata                               0x080014c0   Section       92  n32l40x_rcc.o(.constdata)
    s_ApbAhbPresTable                        0x080014c0   Data          16  n32l40x_rcc.o(.constdata)
    s_AdcHclkPresTable                       0x080014d0   Data          16  n32l40x_rcc.o(.constdata)
    s_AdcPllClkPresTable                     0x080014e0   Data          32  n32l40x_rcc.o(.constdata)
    s_msiClockTable                          0x08001500   Data          28  n32l40x_rcc.o(.constdata)
    .data                                    0x20000000   Section        4  system_n32l40x.o(.data)
    .data                                    0x20000004   Section       24  main.o(.data)
    .data                                    0x2000001c   Section        4  iap.o(.data)
    .data                                    0x20000020   Section        4  mvars.o(.data)
    .data                                    0x20000024   Section        4  mvars.o(.data)
    .bss                                     0x20000028   Section     2048  af_port.o(.bss)
    HEAP                                     0x20000828   Section      768  startup_n32l40x.o(HEAP)
    STACK                                    0x20000b28   Section     5376  startup_n32l40x.o(STACK)

    Global Symbols

    Symbol Name                              Value     Ov Type        Size  Object(Section)

    BuildAttributes$$THM_ISAv4$E$P$D$K$B$S$7EM$VFPi3$EXTD16$VFPS$VFMA$PE$A:L22UL41UL21$X:L11$S22US41US21$IEEE1$IW$USESV6$~STKCKD$USESV7$~SHL$OSPACE$ROPI$EBA8$MICROLIB$REQ8$PRES8$EABIv2 0x00000000   Number         0  anon$$obj.o ABSOLUTE
    __ARM_use_no_argv                        0x00000000   Number         0  main.o ABSOLUTE
    _printf_a                                0x00000000   Number         0  stubs.o ABSOLUTE
    _printf_c                                0x00000000   Number         0  stubs.o ABSOLUTE
    _printf_charcount                        0x00000000   Number         0  stubs.o ABSOLUTE
    _printf_d                                0x00000000   Number         0  stubs.o ABSOLUTE
    _printf_e                                0x00000000   Number         0  stubs.o ABSOLUTE
    _printf_f                                0x00000000   Number         0  stubs.o ABSOLUTE
    _printf_flags                            0x00000000   Number         0  stubs.o ABSOLUTE
    _printf_fp_dec                           0x00000000   Number         0  stubs.o ABSOLUTE
    _printf_fp_hex                           0x00000000   Number         0  stubs.o ABSOLUTE
    _printf_g                                0x00000000   Number         0  stubs.o ABSOLUTE
    _printf_i                                0x00000000   Number         0  stubs.o ABSOLUTE
    _printf_int_dec                          0x00000000   Number         0  stubs.o ABSOLUTE
    _printf_l                                0x00000000   Number         0  stubs.o ABSOLUTE
    _printf_lc                               0x00000000   Number         0  stubs.o ABSOLUTE
    _printf_ll                               0x00000000   Number         0  stubs.o ABSOLUTE
    _printf_lld                              0x00000000   Number         0  stubs.o ABSOLUTE
    _printf_lli                              0x00000000   Number         0  stubs.o ABSOLUTE
    _printf_llo                              0x00000000   Number         0  stubs.o ABSOLUTE
    _printf_llu                              0x00000000   Number         0  stubs.o ABSOLUTE
    _printf_llx                              0x00000000   Number         0  stubs.o ABSOLUTE
    _printf_longlong_dec                     0x00000000   Number         0  stubs.o ABSOLUTE
    _printf_longlong_hex                     0x00000000   Number         0  stubs.o ABSOLUTE
    _printf_longlong_oct                     0x00000000   Number         0  stubs.o ABSOLUTE
    _printf_ls                               0x00000000   Number         0  stubs.o ABSOLUTE
    _printf_mbtowc                           0x00000000   Number         0  stubs.o ABSOLUTE
    _printf_n                                0x00000000   Number         0  stubs.o ABSOLUTE
    _printf_o                                0x00000000   Number         0  stubs.o ABSOLUTE
    _printf_p                                0x00000000   Number         0  stubs.o ABSOLUTE
    _printf_percent                          0x00000000   Number         0  stubs.o ABSOLUTE
    _printf_pre_padding                      0x00000000   Number         0  stubs.o ABSOLUTE
    _printf_return_value                     0x00000000   Number         0  stubs.o ABSOLUTE
    _printf_s                                0x00000000   Number         0  stubs.o ABSOLUTE
    _printf_sizespec                         0x00000000   Number         0  stubs.o ABSOLUTE
    _printf_str                              0x00000000   Number         0  stubs.o ABSOLUTE
    _printf_truncate_signed                  0x00000000   Number         0  stubs.o ABSOLUTE
    _printf_truncate_unsigned                0x00000000   Number         0  stubs.o ABSOLUTE
    _printf_u                                0x00000000   Number         0  stubs.o ABSOLUTE
    _printf_wc                               0x00000000   Number         0  stubs.o ABSOLUTE
    _printf_wctomb                           0x00000000   Number         0  stubs.o ABSOLUTE
    _printf_widthprec                        0x00000000   Number         0  stubs.o ABSOLUTE
    _printf_x                                0x00000000   Number         0  stubs.o ABSOLUTE
    __arm_fini_                               - Undefined Weak Reference
    __cpp_initialize__aeabi_                  - Undefined Weak Reference
    __cxa_finalize                            - Undefined Weak Reference
    __decompress                              - Undefined Weak Reference
    _clock_init                               - Undefined Weak Reference
    _microlib_exit                            - Undefined Weak Reference
    __Vectors_Size                           0x00000148   Number         0  startup_n32l40x.o ABSOLUTE
    __Vectors                                0x08000000   Data           4  startup_n32l40x.o(RESET)
    __Vectors_End                            0x08000148   Data           0  startup_n32l40x.o(RESET)
    __main                                   0x08000149   Thumb Code     0  entry.o(.ARM.Collect$$$$00000000)
    _main_stk                                0x08000149   Thumb Code     0  entry2.o(.ARM.Collect$$$$00000001)
    _main_scatterload                        0x0800014d   Thumb Code     0  entry5.o(.ARM.Collect$$$$00000004)
    __main_after_scatterload                 0x08000151   Thumb Code     0  entry5.o(.ARM.Collect$$$$00000004)
    _main_clock                              0x08000151   Thumb Code     0  entry7b.o(.ARM.Collect$$$$00000008)
    _main_cpp_init                           0x08000151   Thumb Code     0  entry8b.o(.ARM.Collect$$$$0000000A)
    _main_init                               0x08000151   Thumb Code     0  entry9a.o(.ARM.Collect$$$$0000000B)
    __rt_lib_shutdown_fini                   0x08000159   Thumb Code     0  entry12b.o(.ARM.Collect$$$$0000000E)
    __rt_final_cpp                           0x0800015d   Thumb Code     0  entry10a.o(.ARM.Collect$$$$0000000F)
    __rt_final_exit                          0x0800015d   Thumb Code     0  entry11a.o(.ARM.Collect$$$$00000011)
    MSR_MSP                                  0x08000161   Thumb Code     6  iap.o(.emb_text)
    Reset_Handler                            0x08000169   Thumb Code     8  startup_n32l40x.o(.text)
    PendSV_Handler                           0x0800017f   Thumb Code     2  startup_n32l40x.o(.text)
    ADC_IRQHandler                           0x08000183   Thumb Code     0  startup_n32l40x.o(.text)
    CAN_RX0_IRQHandler                       0x08000183   Thumb Code     0  startup_n32l40x.o(.text)
    CAN_RX1_IRQHandler                       0x08000183   Thumb Code     0  startup_n32l40x.o(.text)
    CAN_SCE_IRQHandler                       0x08000183   Thumb Code     0  startup_n32l40x.o(.text)
    CAN_TX_IRQHandler                        0x08000183   Thumb Code     0  startup_n32l40x.o(.text)
    COMP_1_2_IRQHandler                      0x08000183   Thumb Code     0  startup_n32l40x.o(.text)
    DMA_Channel1_IRQHandler                  0x08000183   Thumb Code     0  startup_n32l40x.o(.text)
    DMA_Channel2_IRQHandler                  0x08000183   Thumb Code     0  startup_n32l40x.o(.text)
    DMA_Channel3_IRQHandler                  0x08000183   Thumb Code     0  startup_n32l40x.o(.text)
    DMA_Channel4_IRQHandler                  0x08000183   Thumb Code     0  startup_n32l40x.o(.text)
    DMA_Channel5_IRQHandler                  0x08000183   Thumb Code     0  startup_n32l40x.o(.text)
    DMA_Channel6_IRQHandler                  0x08000183   Thumb Code     0  startup_n32l40x.o(.text)
    DMA_Channel7_IRQHandler                  0x08000183   Thumb Code     0  startup_n32l40x.o(.text)
    DMA_Channel8_IRQHandler                  0x08000183   Thumb Code     0  startup_n32l40x.o(.text)
    EXTI0_IRQHandler                         0x08000183   Thumb Code     0  startup_n32l40x.o(.text)
    EXTI15_10_IRQHandler                     0x08000183   Thumb Code     0  startup_n32l40x.o(.text)
    EXTI1_IRQHandler                         0x08000183   Thumb Code     0  startup_n32l40x.o(.text)
    EXTI2_IRQHandler                         0x08000183   Thumb Code     0  startup_n32l40x.o(.text)
    EXTI3_IRQHandler                         0x08000183   Thumb Code     0  startup_n32l40x.o(.text)
    EXTI4_IRQHandler                         0x08000183   Thumb Code     0  startup_n32l40x.o(.text)
    EXTI9_5_IRQHandler                       0x08000183   Thumb Code     0  startup_n32l40x.o(.text)
    FLASH_IRQHandler                         0x08000183   Thumb Code     0  startup_n32l40x.o(.text)
    I2C1_ER_IRQHandler                       0x08000183   Thumb Code     0  startup_n32l40x.o(.text)
    I2C1_EV_IRQHandler                       0x08000183   Thumb Code     0  startup_n32l40x.o(.text)
    I2C2_ER_IRQHandler                       0x08000183   Thumb Code     0  startup_n32l40x.o(.text)
    I2C2_EV_IRQHandler                       0x08000183   Thumb Code     0  startup_n32l40x.o(.text)
    LCD_IRQHandler                           0x08000183   Thumb Code     0  startup_n32l40x.o(.text)
    LPTIM_WKUP_IRQHandler                    0x08000183   Thumb Code     0  startup_n32l40x.o(.text)
    LPUART_IRQHandler                        0x08000183   Thumb Code     0  startup_n32l40x.o(.text)
    LPUART_WKUP_IRQHandler                   0x08000183   Thumb Code     0  startup_n32l40x.o(.text)
    MMU_IRQHandler                           0x08000183   Thumb Code     0  startup_n32l40x.o(.text)
    PVD_IRQHandler                           0x08000183   Thumb Code     0  startup_n32l40x.o(.text)
    RAMC_PERR_IRQHandler                     0x08000183   Thumb Code     0  startup_n32l40x.o(.text)
    RCC_IRQHandler                           0x08000183   Thumb Code     0  startup_n32l40x.o(.text)
    RTCAlarm_IRQHandler                      0x08000183   Thumb Code     0  startup_n32l40x.o(.text)
    RTC_WKUP_IRQHandler                      0x08000183   Thumb Code     0  startup_n32l40x.o(.text)
    SAC_IRQHandler                           0x08000183   Thumb Code     0  startup_n32l40x.o(.text)
    SPI1_IRQHandler                          0x08000183   Thumb Code     0  startup_n32l40x.o(.text)
    SPI2_IRQHandler                          0x08000183   Thumb Code     0  startup_n32l40x.o(.text)
    TAMPER_IRQHandler                        0x08000183   Thumb Code     0  startup_n32l40x.o(.text)
    TIM1_BRK_IRQHandler                      0x08000183   Thumb Code     0  startup_n32l40x.o(.text)
    TIM1_CC_IRQHandler                       0x08000183   Thumb Code     0  startup_n32l40x.o(.text)
    TIM1_TRG_COM_IRQHandler                  0x08000183   Thumb Code     0  startup_n32l40x.o(.text)
    TIM1_UP_IRQHandler                       0x08000183   Thumb Code     0  startup_n32l40x.o(.text)
    TIM2_IRQHandler                          0x08000183   Thumb Code     0  startup_n32l40x.o(.text)
    TIM3_IRQHandler                          0x08000183   Thumb Code     0  startup_n32l40x.o(.text)
    TIM4_IRQHandler                          0x08000183   Thumb Code     0  startup_n32l40x.o(.text)
    TIM5_IRQHandler                          0x08000183   Thumb Code     0  startup_n32l40x.o(.text)
    TIM6_IRQHandler                          0x08000183   Thumb Code     0  startup_n32l40x.o(.text)
    TIM7_IRQHandler                          0x08000183   Thumb Code     0  startup_n32l40x.o(.text)
    TIM8_BRK_IRQHandler                      0x08000183   Thumb Code     0  startup_n32l40x.o(.text)
    TIM8_CC_IRQHandler                       0x08000183   Thumb Code     0  startup_n32l40x.o(.text)
    TIM8_TRG_COM_IRQHandler                  0x08000183   Thumb Code     0  startup_n32l40x.o(.text)
    TIM8_UP_IRQHandler                       0x08000183   Thumb Code     0  startup_n32l40x.o(.text)
    TIM9_IRQHandler                          0x08000183   Thumb Code     0  startup_n32l40x.o(.text)
    TSC_IRQHandler                           0x08000183   Thumb Code     0  startup_n32l40x.o(.text)
    UART4_IRQHandler                         0x08000183   Thumb Code     0  startup_n32l40x.o(.text)
    UART5_IRQHandler                         0x08000183   Thumb Code     0  startup_n32l40x.o(.text)
    UCDR_IRQHandler                          0x08000183   Thumb Code     0  startup_n32l40x.o(.text)
    USART1_IRQHandler                        0x08000183   Thumb Code     0  startup_n32l40x.o(.text)
    USART2_IRQHandler                        0x08000183   Thumb Code     0  startup_n32l40x.o(.text)
    USART3_IRQHandler                        0x08000183   Thumb Code     0  startup_n32l40x.o(.text)
    USBWakeUp_IRQHandler                     0x08000183   Thumb Code     0  startup_n32l40x.o(.text)
    USB_HP_IRQHandler                        0x08000183   Thumb Code     0  startup_n32l40x.o(.text)
    USB_LP_IRQHandler                        0x08000183   Thumb Code     0  startup_n32l40x.o(.text)
    WWDG_IRQHandler                          0x08000183   Thumb Code     0  startup_n32l40x.o(.text)
    __aeabi_memcpy                           0x0800018d   Thumb Code    36  memcpya.o(.text)
    __aeabi_memcpy4                          0x0800018d   Thumb Code     0  memcpya.o(.text)
    __aeabi_memcpy8                          0x0800018d   Thumb Code     0  memcpya.o(.text)
    __aeabi_memset                           0x080001b1   Thumb Code    14  memseta.o(.text)
    __aeabi_memset4                          0x080001b1   Thumb Code     0  memseta.o(.text)
    __aeabi_memset8                          0x080001b1   Thumb Code     0  memseta.o(.text)
    __aeabi_memclr                           0x080001bf   Thumb Code     4  memseta.o(.text)
    __aeabi_memclr4                          0x080001bf   Thumb Code     0  memseta.o(.text)
    __aeabi_memclr8                          0x080001bf   Thumb Code     0  memseta.o(.text)
    _memset$wrapper                          0x080001c3   Thumb Code    18  memseta.o(.text)
    __scatterload                            0x080001d5   Thumb Code    28  init.o(.text)
    __scatterload_rt2                        0x080001d5   Thumb Code     0  init.o(.text)
    BusFault_Handler                         0x080001f9   Thumb Code     2  n32l40x_it.o(i.BusFault_Handler)
    ConfigMRVoltage1V                        0x080001fd   Thumb Code    50  system_n32l40x.o(i.ConfigMRVoltage1V)
    DebugMon_Handler                         0x08000239   Thumb Code     2  n32l40x_it.o(i.DebugMon_Handler)
    FLASH_ClearFlag                          0x0800023d   Thumb Code    10  n32l40x_flash.o(i.FLASH_ClearFlag)
    FLASH_ClockInit                          0x0800024d   Thumb Code    58  n32l40x_flash.o(i.FLASH_ClockInit)
    FLASH_EraseOnePage                       0x0800028d   Thumb Code    62  n32l40x_flash.o(i.FLASH_EraseOnePage)
    FLASH_GetSTS                             0x080002d1   Thumb Code    54  n32l40x_flash.o(i.FLASH_GetSTS)
    FLASH_Lock                               0x0800030d   Thumb Code    12  n32l40x_flash.o(i.FLASH_Lock)
    FLASH_ProgramWord                        0x0800031d   Thumb Code    68  n32l40x_flash.o(i.FLASH_ProgramWord)
    FLASH_Unlock                             0x08000365   Thumb Code    12  n32l40x_flash.o(i.FLASH_Unlock)
    FLASH_WaitForLastOpt                     0x0800037d   Thumb Code    36  n32l40x_flash.o(i.FLASH_WaitForLastOpt)
    GPIO_CFG_CpltCallback                    0x080003a1   Thumb Code   140  dcd_port.o(i.GPIO_CFG_CpltCallback)
    GPIO_InitPeripheral                      0x0800043d   Thumb Code   568  n32l40x_gpio.o(i.GPIO_InitPeripheral)
    GPIO_InitStruct                          0x08000679   Thumb Code    22  n32l40x_gpio.o(i.GPIO_InitStruct)
    GPIO_ResetBits                           0x0800068f   Thumb Code     4  n32l40x_gpio.o(i.GPIO_ResetBits)
    GPIO_SetBits                             0x08000693   Thumb Code     4  n32l40x_gpio.o(i.GPIO_SetBits)
    HardFault_Handler                        0x08000697   Thumb Code     2  n32l40x_it.o(i.HardFault_Handler)
    MemManage_Handler                        0x08000699   Thumb Code     2  n32l40x_it.o(i.MemManage_Handler)
    NMI_Handler                              0x0800069b   Thumb Code     2  n32l40x_it.o(i.NMI_Handler)
    RCC_CFG_CpltCallback                     0x0800069d   Thumb Code   160  dcd_port.o(i.RCC_CFG_CpltCallback)
    RCC_ConfigHclk                           0x08000745   Thumb Code    14  n32l40x_rcc.o(i.RCC_ConfigHclk)
    RCC_ConfigHse                            0x08000759   Thumb Code    48  n32l40x_rcc.o(i.RCC_ConfigHse)
    RCC_ConfigPclk1                          0x0800078d   Thumb Code    14  n32l40x_rcc.o(i.RCC_ConfigPclk1)
    RCC_ConfigPclk2                          0x080007a1   Thumb Code    16  n32l40x_rcc.o(i.RCC_ConfigPclk2)
    RCC_ConfigPll                            0x080007b5   Thumb Code    44  n32l40x_rcc.o(i.RCC_ConfigPll)
    RCC_ConfigSysclk                         0x080007e9   Thumb Code    14  n32l40x_rcc.o(i.RCC_ConfigSysclk)
    RCC_DeInit                               0x080007fd   Thumb Code    64  n32l40x_rcc.o(i.RCC_DeInit)
    RCC_EnableAPB2PeriphClk                  0x0800084d   Thumb Code    18  n32l40x_rcc.o(i.RCC_EnableAPB2PeriphClk)
    RCC_EnableHsi                            0x08000865   Thumb Code     6  n32l40x_rcc.o(i.RCC_EnableHsi)
    RCC_EnablePll                            0x08000871   Thumb Code     6  n32l40x_rcc.o(i.RCC_EnablePll)
    RCC_GetClocksFreqValue                   0x0800087d   Thumb Code   210  n32l40x_rcc.o(i.RCC_GetClocksFreqValue)
    RCC_GetFlagStatus                        0x08000969   Thumb Code    44  n32l40x_rcc.o(i.RCC_GetFlagStatus)
    RCC_GetSysclkSrc                         0x08000999   Thumb Code    10  n32l40x_rcc.o(i.RCC_GetSysclkSrc)
    RCC_WaitHseStable                        0x080009a9   Thumb Code    44  n32l40x_rcc.o(i.RCC_WaitHseStable)
    SVC_Handler                              0x080009d5   Thumb Code     2  n32l40x_it.o(i.SVC_Handler)
    SoftReset                                0x08000a95   Thumb Code    32  iap.o(i.SoftReset)
    SysTick_Handler                          0x08000abd   Thumb Code     2  n32l40x_it.o(i.SysTick_Handler)
    SystemInit                               0x08000ac1   Thumb Code   146  system_n32l40x.o(i.SystemInit)
    UsageFault_Handler                       0x08000b79   Thumb Code     2  n32l40x_it.o(i.UsageFault_Handler)
    __scatterload_copy                       0x08000b7b   Thumb Code    14  handlers.o(i.__scatterload_copy)
    __scatterload_null                       0x08000b89   Thumb Code     2  handlers.o(i.__scatterload_null)
    __scatterload_zeroinit                   0x08000b8b   Thumb Code    14  handlers.o(i.__scatterload_zeroinit)
    af_calc_crc32                            0x08000b99   Thumb Code    32  af_utils.o(i.af_calc_crc32)
    af_erase_upgrade_data_partition          0x08000bbd   Thumb Code    10  af_port.o(i.af_erase_upgrade_data_partition)
    af_flash_check                           0x08000bcd   Thumb Code    62  af_port.o(i.af_flash_check)
    af_flash_earse_one_page                  0x08000c11   Thumb Code    18  af_port.o(i.af_flash_earse_one_page)
    af_flash_lock                            0x08000c23   Thumb Code     4  af_port.o(i.af_flash_lock)
    af_flash_program_word                    0x08000c27   Thumb Code    18  af_port.o(i.af_flash_program_word)
    af_flash_unlock                          0x08000c39   Thumb Code     4  af_port.o(i.af_flash_unlock)
    af_port_erase                            0x08000c3d   Thumb Code    62  af_port.o(i.af_port_erase)
    af_port_read                             0x08000c81   Thumb Code    38  af_port.o(i.af_port_read)
    dcd_config_device                        0x08000cad   Thumb Code   234  dcd_user.o(i.dcd_config_device)
    dcd_port_read                            0x08000d97   Thumb Code    12  dcd_port.o(i.dcd_port_read)
    free                                     0x08000e3d   Thumb Code    76  malloc.o(i.free)
    iap_load_app                             0x08000e8d   Thumb Code    36  iap.o(i.iap_load_app)
    main                                     0x08000eb9   Thumb Code   376  main.o(i.main)
    malloc                                   0x08001055   Thumb Code    92  malloc.o(i.malloc)
    Region$$Table$$Base                      0x0800151c   Number         0  anon$$obj.o(Region$$Table)
    Region$$Table$$Limit                     0x0800153c   Number         0  anon$$obj.o(Region$$Table)
    SystemCoreClock                          0x20000000   Data           4  system_n32l40x.o(.data)
    binpage                                  0x20000004   Data           1  main.o(.data)
    head_flag                                0x20000008   Data           4  main.o(.data)
    head_version                             0x2000000c   Data           4  main.o(.data)
    readfile_checksum                        0x20000010   Data           4  main.o(.data)
    file_size                                0x20000014   Data           4  main.o(.data)
    iapf0                                    0x20000018   Data           4  main.o(.data)
    jump2app                                 0x2000001c   Data           4  iap.o(.data)
    __microlib_freelist                      0x20000020   Data           4  mvars.o(.data)
    __microlib_freelist_initialised          0x20000024   Data           4  mvars.o(.data)
    IAPBUF                                   0x20000028   Data        2048  af_port.o(.bss)
    __heap_base                              0x20000828   Data           0  startup_n32l40x.o(HEAP)
    __heap_limit                             0x20000b28   Data           0  startup_n32l40x.o(HEAP)
    __initial_sp                             0x20002028   Data           0  startup_n32l40x.o(STACK)



==============================================================================

Memory Map of the image

  Image Entry point : 0x08000149

  Load Region LR_IROM1 (Base: 0x08000000, Size: 0x00001564, Max: 0x00020000, ABSOLUTE)

    Execution Region ER_IROM1 (Exec base: 0x08000000, Load base: 0x08000000, Size: 0x0000153c, Max: 0x00020000, ABSOLUTE)

    Exec Addr    Load Addr    Size         Type   Attr      Idx    E Section Name        Object

    0x08000000   0x08000000   0x00000148   Data   RO            3    RESET               startup_n32l40x.o
    0x08000148   0x08000148   0x00000000   Code   RO         1488  * .ARM.Collect$$$$00000000  mc_w.l(entry.o)
    0x08000148   0x08000148   0x00000004   Code   RO         1786    .ARM.Collect$$$$00000001  mc_w.l(entry2.o)
    0x0800014c   0x0800014c   0x00000004   Code   RO         1789    .ARM.Collect$$$$00000004  mc_w.l(entry5.o)
    0x08000150   0x08000150   0x00000000   Code   RO         1791    .ARM.Collect$$$$00000008  mc_w.l(entry7b.o)
    0x08000150   0x08000150   0x00000000   Code   RO         1793    .ARM.Collect$$$$0000000A  mc_w.l(entry8b.o)
    0x08000150   0x08000150   0x00000008   Code   RO         1794    .ARM.Collect$$$$0000000B  mc_w.l(entry9a.o)
    0x08000158   0x08000158   0x00000004   Code   RO         1801    .ARM.Collect$$$$0000000E  mc_w.l(entry12b.o)
    0x0800015c   0x0800015c   0x00000000   Code   RO         1796    .ARM.Collect$$$$0000000F  mc_w.l(entry10a.o)
    0x0800015c   0x0800015c   0x00000000   Code   RO         1798    .ARM.Collect$$$$00000011  mc_w.l(entry11a.o)
    0x0800015c   0x0800015c   0x00000004   Code   RO         1787    .ARM.Collect$$$$00002712  mc_w.l(entry2.o)
    0x08000160   0x08000160   0x00000006   Code   RO          518    .emb_text           iap.o
    0x08000166   0x08000166   0x00000002   PAD
    0x08000168   0x08000168   0x00000024   Code   RO            4    .text               startup_n32l40x.o
    0x0800018c   0x0800018c   0x00000024   Code   RO         1491    .text               mc_w.l(memcpya.o)
    0x080001b0   0x080001b0   0x00000024   Code   RO         1493    .text               mc_w.l(memseta.o)
    0x080001d4   0x080001d4   0x00000024   Code   RO         1822    .text               mc_w.l(init.o)
    0x080001f8   0x080001f8   0x00000002   Code   RO          236    i.BusFault_Handler  n32l40x_it.o
    0x080001fa   0x080001fa   0x00000002   PAD
    0x080001fc   0x080001fc   0x0000003c   Code   RO           13    i.ConfigMRVoltage1V  system_n32l40x.o
    0x08000238   0x08000238   0x00000002   Code   RO          238    i.DebugMon_Handler  n32l40x_it.o
    0x0800023a   0x0800023a   0x00000002   PAD
    0x0800023c   0x0800023c   0x00000010   Code   RO         1134    i.FLASH_ClearFlag   n32l40x_flash.o
    0x0800024c   0x0800024c   0x00000040   Code   RO         1135    i.FLASH_ClockInit   n32l40x_flash.o
    0x0800028c   0x0800028c   0x00000044   Code   RO         1141    i.FLASH_EraseOnePage  n32l40x_flash.o
    0x080002d0   0x080002d0   0x0000003c   Code   RO         1150    i.FLASH_GetSTS      n32l40x_flash.o
    0x0800030c   0x0800030c   0x00000010   Code   RO         1154    i.FLASH_Lock        n32l40x_flash.o
    0x0800031c   0x0800031c   0x00000048   Code   RO         1159    i.FLASH_ProgramWord  n32l40x_flash.o
    0x08000364   0x08000364   0x00000018   Code   RO         1164    i.FLASH_Unlock      n32l40x_flash.o
    0x0800037c   0x0800037c   0x00000024   Code   RO         1165    i.FLASH_WaitForLastOpt  n32l40x_flash.o
    0x080003a0   0x080003a0   0x0000009c   Code   RO          366    i.GPIO_CFG_CpltCallback  dcd_port.o
    0x0800043c   0x0800043c   0x0000023c   Code   RO         1362    i.GPIO_InitPeripheral  n32l40x_gpio.o
    0x08000678   0x08000678   0x00000016   Code   RO         1363    i.GPIO_InitStruct   n32l40x_gpio.o
    0x0800068e   0x0800068e   0x00000004   Code   RO         1368    i.GPIO_ResetBits    n32l40x_gpio.o
    0x08000692   0x08000692   0x00000004   Code   RO         1369    i.GPIO_SetBits      n32l40x_gpio.o
    0x08000696   0x08000696   0x00000002   Code   RO          239    i.HardFault_Handler  n32l40x_it.o
    0x08000698   0x08000698   0x00000002   Code   RO          240    i.MemManage_Handler  n32l40x_it.o
    0x0800069a   0x0800069a   0x00000002   Code   RO          241    i.NMI_Handler       n32l40x_it.o
    0x0800069c   0x0800069c   0x000000a8   Code   RO          367    i.RCC_CFG_CpltCallback  dcd_port.o
    0x08000744   0x08000744   0x00000014   Code   RO          568    i.RCC_ConfigHclk    n32l40x_rcc.o
    0x08000758   0x08000758   0x00000034   Code   RO          569    i.RCC_ConfigHse     n32l40x_rcc.o
    0x0800078c   0x0800078c   0x00000014   Code   RO          579    i.RCC_ConfigPclk1   n32l40x_rcc.o
    0x080007a0   0x080007a0   0x00000014   Code   RO          580    i.RCC_ConfigPclk2   n32l40x_rcc.o
    0x080007b4   0x080007b4   0x00000034   Code   RO          581    i.RCC_ConfigPll     n32l40x_rcc.o
    0x080007e8   0x080007e8   0x00000014   Code   RO          586    i.RCC_ConfigSysclk  n32l40x_rcc.o
    0x080007fc   0x080007fc   0x00000050   Code   RO          592    i.RCC_DeInit        n32l40x_rcc.o
    0x0800084c   0x0800084c   0x00000018   Code   RO          597    i.RCC_EnableAPB2PeriphClk  n32l40x_rcc.o
    0x08000864   0x08000864   0x0000000c   Code   RO          600    i.RCC_EnableHsi     n32l40x_rcc.o
    0x08000870   0x08000870   0x0000000c   Code   RO          605    i.RCC_EnablePll     n32l40x_rcc.o
    0x0800087c   0x0800087c   0x000000ec   Code   RO          610    i.RCC_GetClocksFreqValue  n32l40x_rcc.o
    0x08000968   0x08000968   0x00000030   Code   RO          611    i.RCC_GetFlagStatus  n32l40x_rcc.o
    0x08000998   0x08000998   0x00000010   Code   RO          618    i.RCC_GetSysclkSrc  n32l40x_rcc.o
    0x080009a8   0x080009a8   0x0000002c   Code   RO          621    i.RCC_WaitHseStable  n32l40x_rcc.o
    0x080009d4   0x080009d4   0x00000002   Code   RO          242    i.SVC_Handler       n32l40x_it.o
    0x080009d6   0x080009d6   0x00000002   PAD
    0x080009d8   0x080009d8   0x000000bc   Code   RO           14    i.SetSysClock       system_n32l40x.o
    0x08000a94   0x08000a94   0x00000028   Code   RO          519    i.SoftReset         iap.o
    0x08000abc   0x08000abc   0x00000002   Code   RO          243    i.SysTick_Handler   n32l40x_it.o
    0x08000abe   0x08000abe   0x00000002   PAD
    0x08000ac0   0x08000ac0   0x000000b8   Code   RO           16    i.SystemInit        system_n32l40x.o
    0x08000b78   0x08000b78   0x00000002   Code   RO          244    i.UsageFault_Handler  n32l40x_it.o
    0x08000b7a   0x08000b7a   0x0000000e   Code   RO         1836    i.__scatterload_copy  mc_w.l(handlers.o)
    0x08000b88   0x08000b88   0x00000002   Code   RO         1837    i.__scatterload_null  mc_w.l(handlers.o)
    0x08000b8a   0x08000b8a   0x0000000e   Code   RO         1838    i.__scatterload_zeroinit  mc_w.l(handlers.o)
    0x08000b98   0x08000b98   0x00000024   Code   RO          424    i.af_calc_crc32     af_utils.o
    0x08000bbc   0x08000bbc   0x00000010   Code   RO          441    i.af_erase_upgrade_data_partition  af_port.o
    0x08000bcc   0x08000bcc   0x00000044   Code   RO          442    i.af_flash_check    af_port.o
    0x08000c10   0x08000c10   0x00000012   Code   RO          443    i.af_flash_earse_one_page  af_port.o
    0x08000c22   0x08000c22   0x00000004   Code   RO          444    i.af_flash_lock     af_port.o
    0x08000c26   0x08000c26   0x00000012   Code   RO          445    i.af_flash_program_word  af_port.o
    0x08000c38   0x08000c38   0x00000004   Code   RO          446    i.af_flash_unlock   af_port.o
    0x08000c3c   0x08000c3c   0x00000044   Code   RO          447    i.af_port_erase     af_port.o
    0x08000c80   0x08000c80   0x0000002c   Code   RO          448    i.af_port_read      af_port.o
    0x08000cac   0x08000cac   0x000000ea   Code   RO          314    i.dcd_config_device  dcd_user.o
    0x08000d96   0x08000d96   0x0000000c   Code   RO          369    i.dcd_port_read     dcd_port.o
    0x08000da2   0x08000da2   0x00000002   PAD
    0x08000da4   0x08000da4   0x00000080   Code   RO          315    i.dcd_read_check_header  dcd_user.o
    0x08000e24   0x08000e24   0x00000018   Code   RO          162    i.delay_ms          main.o
    0x08000e3c   0x08000e3c   0x00000050   Code   RO         1758    i.free              mc_w.l(malloc.o)
    0x08000e8c   0x08000e8c   0x0000002c   Code   RO          520    i.iap_load_app      iap.o
    0x08000eb8   0x08000eb8   0x0000019c   Code   RO          163    i.main              main.o
    0x08001054   0x08001054   0x0000006c   Code   RO         1759    i.malloc            mc_w.l(malloc.o)
    0x080010c0   0x080010c0   0x00000400   Data   RO          425    .constdata          af_utils.o
    0x080014c0   0x080014c0   0x0000005c   Data   RO          624    .constdata          n32l40x_rcc.o
    0x0800151c   0x0800151c   0x00000020   Data   RO         1834    Region$$Table       anon$$obj.o


    Execution Region RW_IRAM1 (Exec base: 0x20000000, Load base: 0x0800153c, Size: 0x00002028, Max: 0x00006000, ABSOLUTE)

    Exec Addr    Load Addr    Size         Type   Attr      Idx    E Section Name        Object

    0x20000000   0x0800153c   0x00000004   Data   RW           18    .data               system_n32l40x.o
    0x20000004   0x08001540   0x00000018   Data   RW          164    .data               main.o
    0x2000001c   0x08001558   0x00000004   Data   RW          521    .data               iap.o
    0x20000020   0x0800155c   0x00000004   Data   RW         1809    .data               mc_w.l(mvars.o)
    0x20000024   0x08001560   0x00000004   Data   RW         1810    .data               mc_w.l(mvars.o)
    0x20000028        -       0x00000800   Zero   RW          451    .bss                af_port.o
    0x20000828        -       0x00000300   Zero   RW            2    HEAP                startup_n32l40x.o
    0x20000b28        -       0x00001500   Zero   RW            1    STACK               startup_n32l40x.o


==============================================================================

Image component sizes


      Code (inc. data)   RO Data    RW Data    ZI Data      Debug   Object Name

       240         24          0          0       2048       5743   af_port.o
        36          4       1024          0          0       1124   af_utils.o
       336         24          0          0          0       3031   dcd_port.o
       362          6          0          0          0       4560   dcd_user.o
        90         16          0          4          0      37001   iap.o
       436         36          0         24          0       6167   main.o
       356         44          0          0          0       7603   n32l40x_flash.o
       602          4          0          0          0       4040   n32l40x_gpio.o
        16          0          0          0          0       3701   n32l40x_it.o
       656        104         92          0          0      13849   n32l40x_rcc.o
        36          8        328          0       6144        916   startup_n32l40x.o
       432         70          0          4          0     285967   system_n32l40x.o

    ----------------------------------------------------------------------
      3610        340       1476         32       8192     373702   Object Totals
         0          0         32          0          0          0   (incl. Generated)
        12          0          0          0          0          0   (incl. Padding)

    ----------------------------------------------------------------------

      Code (inc. data)   RO Data    RW Data    ZI Data      Debug   Library Member Name

         0          0          0          0          0          0   entry.o
         0          0          0          0          0          0   entry10a.o
         0          0          0          0          0          0   entry11a.o
         4          0          0          0          0          0   entry12b.o
         8          4          0          0          0          0   entry2.o
         4          0          0          0          0          0   entry5.o
         0          0          0          0          0          0   entry7b.o
         0          0          0          0          0          0   entry8b.o
         8          4          0          0          0          0   entry9a.o
        30          0          0          0          0          0   handlers.o
        36          8          0          0          0         68   init.o
       188         20          0          0          0        160   malloc.o
        36          0          0          0          0         68   memcpya.o
        36          0          0          0          0        108   memseta.o
         0          0          0          8          0          0   mvars.o

    ----------------------------------------------------------------------
       350         36          0          8          0        404   Library Totals
         0          0          0          0          0          0   (incl. Padding)

    ----------------------------------------------------------------------

      Code (inc. data)   RO Data    RW Data    ZI Data      Debug   Library Name

       350         36          0          8          0        404   mc_w.l

    ----------------------------------------------------------------------
       350         36          0          8          0        404   Library Totals

    ----------------------------------------------------------------------

==============================================================================


      Code (inc. data)   RO Data    RW Data    ZI Data      Debug   

      3960        376       1476         40       8192     369254   Grand Totals
      3960        376       1476         40       8192     369254   ELF Image Totals
      3960        376       1476         40          0          0   ROM Totals

==============================================================================

    Total RO  Size (Code + RO Data)                 5436 (   5.31kB)
    Total RW  Size (RW Data + ZI Data)              8232 (   8.04kB)
    Total ROM Size (Code + RO Data + RW Data)       5476 (   5.35kB)

==============================================================================

