Component: ARM Compiler 5.06 update 7 (build 960) Tool: armlink [4d3601]

==============================================================================

Section Cross References

    startup_n32l40x.o(RESET) refers to startup_n32l40x.o(STACK) for __initial_sp
    startup_n32l40x.o(RESET) refers to startup_n32l40x.o(.text) for Reset_Handler
    startup_n32l40x.o(RESET) refers to n32l40x_it.o(.text) for NMI_Handler
    startup_n32l40x.o(.text) refers to system_n32l40x.o(.text) for SystemInit
    startup_n32l40x.o(.text) refers to entry.o(.ARM.Collect$$$$00000000) for __main
    system_n32l40x.o(.text) refers to system_n32l40x.o(.data) for SystemCoreClock
    system_n32l40x.o(.text) refers to system_n32l40x.o(.constdata) for MSIClockTable
    main.o(.text) refers to n32l40x_rcc.o(.text) for RCC_EnableAPB2PeriphClk
    main.o(.text) refers to n32l40x_gpio.o(.text) for GPIO_InitStruct
    n32l40x_rcc.o(.text) refers to n32l40x_rcc.o(.constdata) for s_msiClockTable
    n32l40x_usart.o(.text) refers to n32l40x_rcc.o(.text) for RCC_EnableAPB2PeriphReset
    n32l40x_gpio.o(.text) refers to n32l40x_rcc.o(.text) for RCC_EnableAPB2PeriphReset
    entry.o(.ARM.Collect$$$$00000000) refers (Special) to entry10a.o(.ARM.Collect$$$$0000000F) for __rt_final_cpp
    entry.o(.ARM.Collect$$$$00000000) refers (Special) to entry11a.o(.ARM.Collect$$$$00000011) for __rt_final_exit
    entry.o(.ARM.Collect$$$$00000000) refers (Special) to entry12b.o(.ARM.Collect$$$$0000000E) for __rt_lib_shutdown_fini
    entry.o(.ARM.Collect$$$$00000000) refers (Special) to entry7b.o(.ARM.Collect$$$$00000008) for _main_clock
    entry.o(.ARM.Collect$$$$00000000) refers (Special) to entry8b.o(.ARM.Collect$$$$0000000A) for _main_cpp_init
    entry.o(.ARM.Collect$$$$00000000) refers (Special) to entry9a.o(.ARM.Collect$$$$0000000B) for _main_init
    entry.o(.ARM.Collect$$$$00000000) refers (Special) to entry5.o(.ARM.Collect$$$$00000004) for _main_scatterload
    entry.o(.ARM.Collect$$$$00000000) refers (Special) to entry2.o(.ARM.Collect$$$$00000001) for _main_stk
    entry2.o(.ARM.Collect$$$$00000001) refers to entry2.o(.ARM.Collect$$$$00002712) for __lit__00000000
    entry2.o(.ARM.Collect$$$$00002712) refers to startup_n32l40x.o(STACK) for __initial_sp
    entry2.o(__vectab_stack_and_reset_area) refers to startup_n32l40x.o(STACK) for __initial_sp
    entry2.o(__vectab_stack_and_reset_area) refers to entry.o(.ARM.Collect$$$$00000000) for __main
    entry5.o(.ARM.Collect$$$$00000004) refers to init.o(.text) for __scatterload
    entry9a.o(.ARM.Collect$$$$0000000B) refers to main.o(.text) for main
    entry9b.o(.ARM.Collect$$$$0000000C) refers to main.o(.text) for main
    init.o(.text) refers to entry5.o(.ARM.Collect$$$$00000004) for __main_after_scatterload


==============================================================================

Removing Unused input sections from the image.

    Removing startup_n32l40x.o(HEAP), (768 bytes).
    Removing system_n32l40x.o(.rev16_text), (4 bytes).
    Removing system_n32l40x.o(.revsh_text), (4 bytes).
    Removing system_n32l40x.o(.rrx_text), (6 bytes).
    Removing main.o(.rev16_text), (4 bytes).
    Removing main.o(.revsh_text), (4 bytes).
    Removing main.o(.rrx_text), (6 bytes).
    Removing n32l40x_it.o(.rev16_text), (4 bytes).
    Removing n32l40x_it.o(.revsh_text), (4 bytes).
    Removing n32l40x_it.o(.rrx_text), (6 bytes).
    Removing n32l40x_rcc.o(.rev16_text), (4 bytes).
    Removing n32l40x_rcc.o(.revsh_text), (4 bytes).
    Removing n32l40x_rcc.o(.rrx_text), (6 bytes).
    Removing n32l40x_usart.o(.rev16_text), (4 bytes).
    Removing n32l40x_usart.o(.revsh_text), (4 bytes).
    Removing n32l40x_usart.o(.rrx_text), (6 bytes).
    Removing n32l40x_usart.o(.text), (944 bytes).
    Removing n32l40x_flash.o(.rev16_text), (4 bytes).
    Removing n32l40x_flash.o(.revsh_text), (4 bytes).
    Removing n32l40x_flash.o(.rrx_text), (6 bytes).
    Removing n32l40x_flash.o(.text), (2572 bytes).
    Removing n32l40x_gpio.o(.rev16_text), (4 bytes).
    Removing n32l40x_gpio.o(.revsh_text), (4 bytes).
    Removing n32l40x_gpio.o(.rrx_text), (6 bytes).

24 unused section(s) (total 4382 bytes) removed from the image.

==============================================================================

Image Symbol Table

    Local Symbols

    Symbol Name                              Value     Ov Type        Size  Object(Section)

    ../clib/microlib/init/entry.s            0x00000000   Number         0  entry7a.o ABSOLUTE
    ../clib/microlib/init/entry.s            0x00000000   Number         0  entry9b.o ABSOLUTE
    ../clib/microlib/init/entry.s            0x00000000   Number         0  entry.o ABSOLUTE
    ../clib/microlib/init/entry.s            0x00000000   Number         0  entry12a.o ABSOLUTE
    ../clib/microlib/init/entry.s            0x00000000   Number         0  entry9a.o ABSOLUTE
    ../clib/microlib/init/entry.s            0x00000000   Number         0  entry7b.o ABSOLUTE
    ../clib/microlib/init/entry.s            0x00000000   Number         0  entry2.o ABSOLUTE
    ../clib/microlib/init/entry.s            0x00000000   Number         0  entry5.o ABSOLUTE
    ../clib/microlib/init/entry.s            0x00000000   Number         0  entry12b.o ABSOLUTE
    ../clib/microlib/init/entry.s            0x00000000   Number         0  entry8b.o ABSOLUTE
    ../clib/microlib/init/entry.s            0x00000000   Number         0  entry8a.o ABSOLUTE
    ../clib/microlib/init/entry.s            0x00000000   Number         0  entry11b.o ABSOLUTE
    ../clib/microlib/init/entry.s            0x00000000   Number         0  entry11a.o ABSOLUTE
    ../clib/microlib/init/entry.s            0x00000000   Number         0  entry10b.o ABSOLUTE
    ../clib/microlib/init/entry.s            0x00000000   Number         0  entry10a.o ABSOLUTE
    ..\..\firmware\CMSIS\device\startup\startup_n32l40x.s 0x00000000   Number         0  startup_n32l40x.o ABSOLUTE
    ..\..\firmware\CMSIS\device\system_n32l40x.c 0x00000000   Number         0  system_n32l40x.o ABSOLUTE
    ..\..\firmware\n32l40x_std_periph_driver\src\n32l40x_flash.c 0x00000000   Number         0  n32l40x_flash.o ABSOLUTE
    ..\..\firmware\n32l40x_std_periph_driver\src\n32l40x_gpio.c 0x00000000   Number         0  n32l40x_gpio.o ABSOLUTE
    ..\..\firmware\n32l40x_std_periph_driver\src\n32l40x_rcc.c 0x00000000   Number         0  n32l40x_rcc.o ABSOLUTE
    ..\..\firmware\n32l40x_std_periph_driver\src\n32l40x_usart.c 0x00000000   Number         0  n32l40x_usart.o ABSOLUTE
    ..\\..\\firmware\\CMSIS\\device\\system_n32l40x.c 0x00000000   Number         0  system_n32l40x.o ABSOLUTE
    ..\\..\\firmware\\n32l40x_std_periph_driver\\src\\n32l40x_flash.c 0x00000000   Number         0  n32l40x_flash.o ABSOLUTE
    ..\\..\\firmware\\n32l40x_std_periph_driver\\src\\n32l40x_gpio.c 0x00000000   Number         0  n32l40x_gpio.o ABSOLUTE
    ..\\..\\firmware\\n32l40x_std_periph_driver\\src\\n32l40x_rcc.c 0x00000000   Number         0  n32l40x_rcc.o ABSOLUTE
    ..\\..\\firmware\\n32l40x_std_periph_driver\\src\\n32l40x_usart.c 0x00000000   Number         0  n32l40x_usart.o ABSOLUTE
    ..\\user\\main.c                         0x00000000   Number         0  main.o ABSOLUTE
    ..\\user\\n32l40x_it.c                   0x00000000   Number         0  n32l40x_it.o ABSOLUTE
    ..\user\main.c                           0x00000000   Number         0  main.o ABSOLUTE
    ..\user\n32l40x_it.c                     0x00000000   Number         0  n32l40x_it.o ABSOLUTE
    dc.s                                     0x00000000   Number         0  dc.o ABSOLUTE
    handlers.s                               0x00000000   Number         0  handlers.o ABSOLUTE
    init.s                                   0x00000000   Number         0  init.o ABSOLUTE
    RESET                                    0x08000000   Section      328  startup_n32l40x.o(RESET)
    .ARM.Collect$$$$00000000                 0x08000148   Section        0  entry.o(.ARM.Collect$$$$00000000)
    .ARM.Collect$$$$00000001                 0x08000148   Section        4  entry2.o(.ARM.Collect$$$$00000001)
    .ARM.Collect$$$$00000004                 0x0800014c   Section        4  entry5.o(.ARM.Collect$$$$00000004)
    .ARM.Collect$$$$00000008                 0x08000150   Section        0  entry7b.o(.ARM.Collect$$$$00000008)
    .ARM.Collect$$$$0000000A                 0x08000150   Section        0  entry8b.o(.ARM.Collect$$$$0000000A)
    .ARM.Collect$$$$0000000B                 0x08000150   Section        8  entry9a.o(.ARM.Collect$$$$0000000B)
    .ARM.Collect$$$$0000000E                 0x08000158   Section        4  entry12b.o(.ARM.Collect$$$$0000000E)
    .ARM.Collect$$$$0000000F                 0x0800015c   Section        0  entry10a.o(.ARM.Collect$$$$0000000F)
    .ARM.Collect$$$$00000011                 0x0800015c   Section        0  entry11a.o(.ARM.Collect$$$$00000011)
    .ARM.Collect$$$$00002712                 0x0800015c   Section        4  entry2.o(.ARM.Collect$$$$00002712)
    __lit__00000000                          0x0800015c   Data           4  entry2.o(.ARM.Collect$$$$00002712)
    .text                                    0x08000160   Section       36  startup_n32l40x.o(.text)
    $v0                                      0x08000160   Number         0  startup_n32l40x.o(.text)
    .text                                    0x08000184   Section        0  system_n32l40x.o(.text)
    SetSysClock                              0x080001d3   Thumb Code   222  system_n32l40x.o(.text)
    .text                                    0x080004a0   Section        0  main.o(.text)
    .text                                    0x080005a0   Section        0  n32l40x_it.o(.text)
    .text                                    0x080005bc   Section        0  n32l40x_rcc.o(.text)
    .text                                    0x08000d74   Section        0  n32l40x_gpio.o(.text)
    .text                                    0x080012d0   Section       36  init.o(.text)
    i.__scatterload_copy                     0x080012f4   Section       14  handlers.o(i.__scatterload_copy)
    i.__scatterload_null                     0x08001302   Section        2  handlers.o(i.__scatterload_null)
    i.__scatterload_zeroinit                 0x08001304   Section       14  handlers.o(i.__scatterload_zeroinit)
    .constdata                               0x08001314   Section       44  system_n32l40x.o(.constdata)
    .constdata                               0x08001340   Section       92  n32l40x_rcc.o(.constdata)
    s_ApbAhbPresTable                        0x08001340   Data          16  n32l40x_rcc.o(.constdata)
    s_AdcHclkPresTable                       0x08001350   Data          16  n32l40x_rcc.o(.constdata)
    s_AdcPllClkPresTable                     0x08001360   Data          32  n32l40x_rcc.o(.constdata)
    s_msiClockTable                          0x08001380   Data          28  n32l40x_rcc.o(.constdata)
    .data                                    0x20000000   Section        4  system_n32l40x.o(.data)
    STACK                                    0x20000008   Section     5376  startup_n32l40x.o(STACK)

    Global Symbols

    Symbol Name                              Value     Ov Type        Size  Object(Section)

    BuildAttributes$$THM_ISAv4$E$P$D$K$B$S$7EM$VFPi3$EXTD16$VFPS$VFMA$PE$A:L22UL41UL21$X:L11$S22US41US21$IEEE1$IW$USESV6$~STKCKD$USESV7$~SHL$OSPACE$EBA8$MICROLIB$REQ8$PRES8$EABIv2 0x00000000   Number         0  anon$$obj.o ABSOLUTE
    __ARM_use_no_argv                        0x00000000   Number         0  main.o ABSOLUTE
    __arm_fini_                               - Undefined Weak Reference
    __cpp_initialize__aeabi_                  - Undefined Weak Reference
    __cxa_finalize                            - Undefined Weak Reference
    __decompress                              - Undefined Weak Reference
    _clock_init                               - Undefined Weak Reference
    _microlib_exit                            - Undefined Weak Reference
    __Vectors_Size                           0x00000148   Number         0  startup_n32l40x.o ABSOLUTE
    __Vectors                                0x08000000   Data           4  startup_n32l40x.o(RESET)
    __Vectors_End                            0x08000148   Data           0  startup_n32l40x.o(RESET)
    __main                                   0x08000149   Thumb Code     0  entry.o(.ARM.Collect$$$$00000000)
    _main_stk                                0x08000149   Thumb Code     0  entry2.o(.ARM.Collect$$$$00000001)
    _main_scatterload                        0x0800014d   Thumb Code     0  entry5.o(.ARM.Collect$$$$00000004)
    __main_after_scatterload                 0x08000151   Thumb Code     0  entry5.o(.ARM.Collect$$$$00000004)
    _main_clock                              0x08000151   Thumb Code     0  entry7b.o(.ARM.Collect$$$$00000008)
    _main_cpp_init                           0x08000151   Thumb Code     0  entry8b.o(.ARM.Collect$$$$0000000A)
    _main_init                               0x08000151   Thumb Code     0  entry9a.o(.ARM.Collect$$$$0000000B)
    __rt_lib_shutdown_fini                   0x08000159   Thumb Code     0  entry12b.o(.ARM.Collect$$$$0000000E)
    __rt_final_cpp                           0x0800015d   Thumb Code     0  entry10a.o(.ARM.Collect$$$$0000000F)
    __rt_final_exit                          0x0800015d   Thumb Code     0  entry11a.o(.ARM.Collect$$$$00000011)
    Reset_Handler                            0x08000161   Thumb Code     8  startup_n32l40x.o(.text)
    PendSV_Handler                           0x08000177   Thumb Code     2  startup_n32l40x.o(.text)
    ADC_IRQHandler                           0x0800017b   Thumb Code     0  startup_n32l40x.o(.text)
    CAN_RX0_IRQHandler                       0x0800017b   Thumb Code     0  startup_n32l40x.o(.text)
    CAN_RX1_IRQHandler                       0x0800017b   Thumb Code     0  startup_n32l40x.o(.text)
    CAN_SCE_IRQHandler                       0x0800017b   Thumb Code     0  startup_n32l40x.o(.text)
    CAN_TX_IRQHandler                        0x0800017b   Thumb Code     0  startup_n32l40x.o(.text)
    COMP_1_2_IRQHandler                      0x0800017b   Thumb Code     0  startup_n32l40x.o(.text)
    DMA_Channel1_IRQHandler                  0x0800017b   Thumb Code     0  startup_n32l40x.o(.text)
    DMA_Channel2_IRQHandler                  0x0800017b   Thumb Code     0  startup_n32l40x.o(.text)
    DMA_Channel3_IRQHandler                  0x0800017b   Thumb Code     0  startup_n32l40x.o(.text)
    DMA_Channel4_IRQHandler                  0x0800017b   Thumb Code     0  startup_n32l40x.o(.text)
    DMA_Channel5_IRQHandler                  0x0800017b   Thumb Code     0  startup_n32l40x.o(.text)
    DMA_Channel6_IRQHandler                  0x0800017b   Thumb Code     0  startup_n32l40x.o(.text)
    DMA_Channel7_IRQHandler                  0x0800017b   Thumb Code     0  startup_n32l40x.o(.text)
    DMA_Channel8_IRQHandler                  0x0800017b   Thumb Code     0  startup_n32l40x.o(.text)
    EXTI0_IRQHandler                         0x0800017b   Thumb Code     0  startup_n32l40x.o(.text)
    EXTI15_10_IRQHandler                     0x0800017b   Thumb Code     0  startup_n32l40x.o(.text)
    EXTI1_IRQHandler                         0x0800017b   Thumb Code     0  startup_n32l40x.o(.text)
    EXTI2_IRQHandler                         0x0800017b   Thumb Code     0  startup_n32l40x.o(.text)
    EXTI3_IRQHandler                         0x0800017b   Thumb Code     0  startup_n32l40x.o(.text)
    EXTI4_IRQHandler                         0x0800017b   Thumb Code     0  startup_n32l40x.o(.text)
    EXTI9_5_IRQHandler                       0x0800017b   Thumb Code     0  startup_n32l40x.o(.text)
    FLASH_IRQHandler                         0x0800017b   Thumb Code     0  startup_n32l40x.o(.text)
    I2C1_ER_IRQHandler                       0x0800017b   Thumb Code     0  startup_n32l40x.o(.text)
    I2C1_EV_IRQHandler                       0x0800017b   Thumb Code     0  startup_n32l40x.o(.text)
    I2C2_ER_IRQHandler                       0x0800017b   Thumb Code     0  startup_n32l40x.o(.text)
    I2C2_EV_IRQHandler                       0x0800017b   Thumb Code     0  startup_n32l40x.o(.text)
    LCD_IRQHandler                           0x0800017b   Thumb Code     0  startup_n32l40x.o(.text)
    LPTIM_WKUP_IRQHandler                    0x0800017b   Thumb Code     0  startup_n32l40x.o(.text)
    LPUART_IRQHandler                        0x0800017b   Thumb Code     0  startup_n32l40x.o(.text)
    LPUART_WKUP_IRQHandler                   0x0800017b   Thumb Code     0  startup_n32l40x.o(.text)
    MMU_IRQHandler                           0x0800017b   Thumb Code     0  startup_n32l40x.o(.text)
    PVD_IRQHandler                           0x0800017b   Thumb Code     0  startup_n32l40x.o(.text)
    RAMC_PERR_IRQHandler                     0x0800017b   Thumb Code     0  startup_n32l40x.o(.text)
    RCC_IRQHandler                           0x0800017b   Thumb Code     0  startup_n32l40x.o(.text)
    RTCAlarm_IRQHandler                      0x0800017b   Thumb Code     0  startup_n32l40x.o(.text)
    RTC_WKUP_IRQHandler                      0x0800017b   Thumb Code     0  startup_n32l40x.o(.text)
    SAC_IRQHandler                           0x0800017b   Thumb Code     0  startup_n32l40x.o(.text)
    SPI1_IRQHandler                          0x0800017b   Thumb Code     0  startup_n32l40x.o(.text)
    SPI2_IRQHandler                          0x0800017b   Thumb Code     0  startup_n32l40x.o(.text)
    TAMPER_IRQHandler                        0x0800017b   Thumb Code     0  startup_n32l40x.o(.text)
    TIM1_BRK_IRQHandler                      0x0800017b   Thumb Code     0  startup_n32l40x.o(.text)
    TIM1_CC_IRQHandler                       0x0800017b   Thumb Code     0  startup_n32l40x.o(.text)
    TIM1_TRG_COM_IRQHandler                  0x0800017b   Thumb Code     0  startup_n32l40x.o(.text)
    TIM1_UP_IRQHandler                       0x0800017b   Thumb Code     0  startup_n32l40x.o(.text)
    TIM2_IRQHandler                          0x0800017b   Thumb Code     0  startup_n32l40x.o(.text)
    TIM3_IRQHandler                          0x0800017b   Thumb Code     0  startup_n32l40x.o(.text)
    TIM4_IRQHandler                          0x0800017b   Thumb Code     0  startup_n32l40x.o(.text)
    TIM5_IRQHandler                          0x0800017b   Thumb Code     0  startup_n32l40x.o(.text)
    TIM6_IRQHandler                          0x0800017b   Thumb Code     0  startup_n32l40x.o(.text)
    TIM7_IRQHandler                          0x0800017b   Thumb Code     0  startup_n32l40x.o(.text)
    TIM8_BRK_IRQHandler                      0x0800017b   Thumb Code     0  startup_n32l40x.o(.text)
    TIM8_CC_IRQHandler                       0x0800017b   Thumb Code     0  startup_n32l40x.o(.text)
    TIM8_TRG_COM_IRQHandler                  0x0800017b   Thumb Code     0  startup_n32l40x.o(.text)
    TIM8_UP_IRQHandler                       0x0800017b   Thumb Code     0  startup_n32l40x.o(.text)
    TIM9_IRQHandler                          0x0800017b   Thumb Code     0  startup_n32l40x.o(.text)
    TSC_IRQHandler                           0x0800017b   Thumb Code     0  startup_n32l40x.o(.text)
    UART4_IRQHandler                         0x0800017b   Thumb Code     0  startup_n32l40x.o(.text)
    UART5_IRQHandler                         0x0800017b   Thumb Code     0  startup_n32l40x.o(.text)
    UCDR_IRQHandler                          0x0800017b   Thumb Code     0  startup_n32l40x.o(.text)
    USART1_IRQHandler                        0x0800017b   Thumb Code     0  startup_n32l40x.o(.text)
    USART2_IRQHandler                        0x0800017b   Thumb Code     0  startup_n32l40x.o(.text)
    USART3_IRQHandler                        0x0800017b   Thumb Code     0  startup_n32l40x.o(.text)
    USBWakeUp_IRQHandler                     0x0800017b   Thumb Code     0  startup_n32l40x.o(.text)
    USB_HP_IRQHandler                        0x0800017b   Thumb Code     0  startup_n32l40x.o(.text)
    USB_LP_IRQHandler                        0x0800017b   Thumb Code     0  startup_n32l40x.o(.text)
    WWDG_IRQHandler                          0x0800017b   Thumb Code     0  startup_n32l40x.o(.text)
    ConfigMRVoltage1V                        0x08000185   Thumb Code    78  system_n32l40x.o(.text)
    SystemInit                               0x080002b1   Thumb Code   190  system_n32l40x.o(.text)
    SystemCoreClockUpdate                    0x0800036f   Thumb Code   236  system_n32l40x.o(.text)
    Delay                                    0x080004a1   Thumb Code    10  main.o(.text)
    LedInit                                  0x080004ab   Thumb Code   110  main.o(.text)
    LedOn                                    0x08000519   Thumb Code     4  main.o(.text)
    LedOff                                   0x0800051d   Thumb Code     4  main.o(.text)
    LedOnOff                                 0x08000521   Thumb Code     4  main.o(.text)
    LedBlink                                 0x08000525   Thumb Code     8  main.o(.text)
    main                                     0x0800052d   Thumb Code    94  main.o(.text)
    NMI_Handler                              0x080005a1   Thumb Code     2  n32l40x_it.o(.text)
    HardFault_Handler                        0x080005a3   Thumb Code     4  n32l40x_it.o(.text)
    MemManage_Handler                        0x080005a7   Thumb Code     4  n32l40x_it.o(.text)
    BusFault_Handler                         0x080005ab   Thumb Code     4  n32l40x_it.o(.text)
    UsageFault_Handler                       0x080005af   Thumb Code     4  n32l40x_it.o(.text)
    SVC_Handler                              0x080005b3   Thumb Code     2  n32l40x_it.o(.text)
    DebugMon_Handler                         0x080005b5   Thumb Code     2  n32l40x_it.o(.text)
    SysTick_Handler                          0x080005b7   Thumb Code     2  n32l40x_it.o(.text)
    DMA_IRQ_HANDLER                          0x080005b9   Thumb Code     2  n32l40x_it.o(.text)
    RCC_DeInit                               0x080005bd   Thumb Code    80  n32l40x_rcc.o(.text)
    RCC_ConfigHse                            0x0800060d   Thumb Code    70  n32l40x_rcc.o(.text)
    RCC_GetFlagStatus                        0x08000653   Thumb Code    56  n32l40x_rcc.o(.text)
    RCC_WaitHseStable                        0x0800068b   Thumb Code    56  n32l40x_rcc.o(.text)
    RCC_ConfigHsi                            0x080006c3   Thumb Code    34  n32l40x_rcc.o(.text)
    RCC_WaitHsiStable                        0x080006e5   Thumb Code    56  n32l40x_rcc.o(.text)
    RCC_SetHsiCalibValue                     0x0800071d   Thumb Code    20  n32l40x_rcc.o(.text)
    RCC_EnableHsi                            0x08000731   Thumb Code     6  n32l40x_rcc.o(.text)
    RCC_ConfigMsi                            0x08000737   Thumb Code    58  n32l40x_rcc.o(.text)
    RCC_WaitMsiStable                        0x08000771   Thumb Code    56  n32l40x_rcc.o(.text)
    RCC_SetMsiCalibValue                     0x080007a9   Thumb Code    20  n32l40x_rcc.o(.text)
    RCC_EnableMsi                            0x080007bd   Thumb Code     6  n32l40x_rcc.o(.text)
    RCC_ConfigPll                            0x080007c3   Thumb Code    56  n32l40x_rcc.o(.text)
    RCC_EnablePll                            0x080007fb   Thumb Code     6  n32l40x_rcc.o(.text)
    RCC_ConfigSysclk                         0x08000801   Thumb Code    18  n32l40x_rcc.o(.text)
    RCC_GetSysclkSrc                         0x08000813   Thumb Code    10  n32l40x_rcc.o(.text)
    RCC_ConfigHclk                           0x0800081d   Thumb Code    18  n32l40x_rcc.o(.text)
    RCC_ConfigPclk1                          0x0800082f   Thumb Code    18  n32l40x_rcc.o(.text)
    RCC_ConfigPclk2                          0x08000841   Thumb Code    20  n32l40x_rcc.o(.text)
    RCC_ConfigInt                            0x08000855   Thumb Code    30  n32l40x_rcc.o(.text)
    RCC_ConfigUsbClk                         0x08000873   Thumb Code    16  n32l40x_rcc.o(.text)
    RCC_ConfigTim18Clk                       0x08000883   Thumb Code    18  n32l40x_rcc.o(.text)
    RCC_ConfigRngcClk                        0x08000895   Thumb Code    18  n32l40x_rcc.o(.text)
    RCC_ConfigAdc1mClk                       0x080008a7   Thumb Code    24  n32l40x_rcc.o(.text)
    RCC_ConfigAdcPllClk                      0x080008bf   Thumb Code    30  n32l40x_rcc.o(.text)
    RCC_ConfigAdcHclk                        0x080008dd   Thumb Code    18  n32l40x_rcc.o(.text)
    RCC_ConfigTrng1mClk                      0x080008ef   Thumb Code    24  n32l40x_rcc.o(.text)
    RCC_EnableTrng1mClk                      0x08000907   Thumb Code    30  n32l40x_rcc.o(.text)
    RCC_ConfigUCDRClk                        0x08000925   Thumb Code    46  n32l40x_rcc.o(.text)
    RCC_ConfigUSBXTALESSMode                 0x08000953   Thumb Code    22  n32l40x_rcc.o(.text)
    RCC_EnableRETPeriphClk                   0x08000969   Thumb Code    26  n32l40x_rcc.o(.text)
    RCC_EnableRETPeriphReset                 0x08000983   Thumb Code    58  n32l40x_rcc.o(.text)
    RCC_EnableAPB1PeriphClk                  0x080009bd   Thumb Code    26  n32l40x_rcc.o(.text)
    RCC_ConfigLPTIMClk                       0x080009d7   Thumb Code    46  n32l40x_rcc.o(.text)
    RCC_GetLPTIMClkSrc                       0x08000a05   Thumb Code    10  n32l40x_rcc.o(.text)
    RCC_ConfigLPUARTClk                      0x08000a0f   Thumb Code    22  n32l40x_rcc.o(.text)
    RCC_GetLPUARTClkSrc                      0x08000a25   Thumb Code    10  n32l40x_rcc.o(.text)
    RCC_ConfigSRAMParityErrorInt             0x08000a2f   Thumb Code    26  n32l40x_rcc.o(.text)
    RCC_ConfigSRAMParityErrorRESET           0x08000a49   Thumb Code    26  n32l40x_rcc.o(.text)
    RCC_ClrSRAMParityErrorFlag               0x08000a63   Thumb Code    12  n32l40x_rcc.o(.text)
    RCC_ConfigLse                            0x08000a6f   Thumb Code    80  n32l40x_rcc.o(.text)
    RCC_EnableLsi                            0x08000abf   Thumb Code     6  n32l40x_rcc.o(.text)
    RCC_ConfigRtcClk                         0x08000ac5   Thumb Code    22  n32l40x_rcc.o(.text)
    RCC_GetRTCClkSrc                         0x08000adb   Thumb Code    10  n32l40x_rcc.o(.text)
    RCC_EnableRtcClk                         0x08000ae5   Thumb Code     8  n32l40x_rcc.o(.text)
    RCC_ConfigLSXClk                         0x08000aed   Thumb Code    22  n32l40x_rcc.o(.text)
    RCC_GetLSXClkSrc                         0x08000b03   Thumb Code    10  n32l40x_rcc.o(.text)
    RCC_GetClocksFreqValue                   0x08000b0d   Thumb Code   302  n32l40x_rcc.o(.text)
    RCC_EnableAHBPeriphClk                   0x08000c3b   Thumb Code    26  n32l40x_rcc.o(.text)
    RCC_EnableAPB2PeriphClk                  0x08000c55   Thumb Code    26  n32l40x_rcc.o(.text)
    RCC_EnableAHBPeriphReset                 0x08000c6f   Thumb Code    26  n32l40x_rcc.o(.text)
    RCC_EnableAPB2PeriphReset                0x08000c89   Thumb Code    26  n32l40x_rcc.o(.text)
    RCC_EnableAPB1PeriphReset                0x08000ca3   Thumb Code    26  n32l40x_rcc.o(.text)
    RCC_EnableLowPowerReset                  0x08000cbd   Thumb Code     8  n32l40x_rcc.o(.text)
    RCC_EnableClockSecuritySystem            0x08000cc5   Thumb Code     6  n32l40x_rcc.o(.text)
    RCC_EnableLSEClockSecuritySystem         0x08000ccb   Thumb Code     8  n32l40x_rcc.o(.text)
    RCC_GetLSEClockSecuritySystemStatus      0x08000cd3   Thumb Code    20  n32l40x_rcc.o(.text)
    RCC_ConfigMcoClkPre                      0x08000ce7   Thumb Code    18  n32l40x_rcc.o(.text)
    RCC_ConfigMco                            0x08000cf9   Thumb Code    20  n32l40x_rcc.o(.text)
    RCC_ClrFlag                              0x08000d0d   Thumb Code    24  n32l40x_rcc.o(.text)
    RCC_GetIntStatus                         0x08000d25   Thumb Code    20  n32l40x_rcc.o(.text)
    RCC_ClrIntPendingBit                     0x08000d39   Thumb Code    12  n32l40x_rcc.o(.text)
    GPIO_DeInit                              0x08000d75   Thumb Code   342  n32l40x_gpio.o(.text)
    GPIO_AFIOInitDefault                     0x08000ecb   Thumb Code    20  n32l40x_gpio.o(.text)
    GPIO_InitPeripheral                      0x08000edf   Thumb Code   484  n32l40x_gpio.o(.text)
    GPIO_InitStruct                          0x080010c3   Thumb Code    24  n32l40x_gpio.o(.text)
    GPIO_ReadInputDataBit                    0x080010db   Thumb Code    18  n32l40x_gpio.o(.text)
    GPIO_ReadInputData                       0x080010ed   Thumb Code     8  n32l40x_gpio.o(.text)
    GPIO_ReadOutputDataBit                   0x080010f5   Thumb Code    18  n32l40x_gpio.o(.text)
    GPIO_ReadOutputData                      0x08001107   Thumb Code     8  n32l40x_gpio.o(.text)
    GPIO_SetBits                             0x0800110f   Thumb Code     4  n32l40x_gpio.o(.text)
    GPIO_SetBitsHigh16                       0x08001113   Thumb Code     4  n32l40x_gpio.o(.text)
    GPIO_ResetBits                           0x08001117   Thumb Code     4  n32l40x_gpio.o(.text)
    GPIO_WriteBit                            0x0800111b   Thumb Code    10  n32l40x_gpio.o(.text)
    GPIO_Write                               0x08001125   Thumb Code     4  n32l40x_gpio.o(.text)
    GPIO_ConfigPinLock                       0x08001129   Thumb Code    18  n32l40x_gpio.o(.text)
    GPIO_ConfigPinRemap                      0x0800113b   Thumb Code   120  n32l40x_gpio.o(.text)
    GPIO_ConfigEventOutput                   0x080011b3   Thumb Code    84  n32l40x_gpio.o(.text)
    GPIO_CtrlEventOutput                     0x08001207   Thumb Code     6  n32l40x_gpio.o(.text)
    GPIO_ConfigEXTILine                      0x0800120d   Thumb Code    58  n32l40x_gpio.o(.text)
    AFIO_ConfigSPINSSMode                    0x08001247   Thumb Code    30  n32l40x_gpio.o(.text)
    AFIO_ConfigADCExternalTrigRemap          0x08001265   Thumb Code    82  n32l40x_gpio.o(.text)
    __scatterload                            0x080012d1   Thumb Code    28  init.o(.text)
    __scatterload_rt2                        0x080012d1   Thumb Code     0  init.o(.text)
    __scatterload_copy                       0x080012f5   Thumb Code    14  handlers.o(i.__scatterload_copy)
    __scatterload_null                       0x08001303   Thumb Code     2  handlers.o(i.__scatterload_null)
    __scatterload_zeroinit                   0x08001305   Thumb Code    14  handlers.o(i.__scatterload_zeroinit)
    AHBPrescTable                            0x08001314   Data          16  system_n32l40x.o(.constdata)
    MSIClockTable                            0x08001324   Data          28  system_n32l40x.o(.constdata)
    Region$$Table$$Base                      0x0800139c   Number         0  anon$$obj.o(Region$$Table)
    Region$$Table$$Limit                     0x080013bc   Number         0  anon$$obj.o(Region$$Table)
    SystemCoreClock                          0x20000000   Data           4  system_n32l40x.o(.data)
    __initial_sp                             0x20001508   Data           0  startup_n32l40x.o(STACK)



==============================================================================

Memory Map of the image

  Image Entry point : 0x08000149

  Load Region LR_IROM1 (Base: 0x08000000, Size: 0x000013c0, Max: 0x00020000, ABSOLUTE)

    Execution Region ER_IROM1 (Exec base: 0x08000000, Load base: 0x08000000, Size: 0x000013bc, Max: 0x00020000, ABSOLUTE)

    Exec Addr    Load Addr    Size         Type   Attr      Idx    E Section Name        Object

    0x08000000   0x08000000   0x00000148   Data   RO            3    RESET               startup_n32l40x.o
    0x08000148   0x08000148   0x00000000   Code   RO          303  * .ARM.Collect$$$$00000000  mc_w.l(entry.o)
    0x08000148   0x08000148   0x00000004   Code   RO          306    .ARM.Collect$$$$00000001  mc_w.l(entry2.o)
    0x0800014c   0x0800014c   0x00000004   Code   RO          309    .ARM.Collect$$$$00000004  mc_w.l(entry5.o)
    0x08000150   0x08000150   0x00000000   Code   RO          311    .ARM.Collect$$$$00000008  mc_w.l(entry7b.o)
    0x08000150   0x08000150   0x00000000   Code   RO          313    .ARM.Collect$$$$0000000A  mc_w.l(entry8b.o)
    0x08000150   0x08000150   0x00000008   Code   RO          314    .ARM.Collect$$$$0000000B  mc_w.l(entry9a.o)
    0x08000158   0x08000158   0x00000004   Code   RO          321    .ARM.Collect$$$$0000000E  mc_w.l(entry12b.o)
    0x0800015c   0x0800015c   0x00000000   Code   RO          316    .ARM.Collect$$$$0000000F  mc_w.l(entry10a.o)
    0x0800015c   0x0800015c   0x00000000   Code   RO          318    .ARM.Collect$$$$00000011  mc_w.l(entry11a.o)
    0x0800015c   0x0800015c   0x00000004   Code   RO          307    .ARM.Collect$$$$00002712  mc_w.l(entry2.o)
    0x08000160   0x08000160   0x00000024   Code   RO            4    .text               startup_n32l40x.o
    0x08000184   0x08000184   0x0000031c   Code   RO           13    .text               system_n32l40x.o
    0x080004a0   0x080004a0   0x00000100   Code   RO          145    .text               main.o
    0x080005a0   0x080005a0   0x0000001a   Code   RO          180    .text               n32l40x_it.o
    0x080005ba   0x080005ba   0x00000002   PAD
    0x080005bc   0x080005bc   0x000007b8   Code   RO          208    .text               n32l40x_rcc.o
    0x08000d74   0x08000d74   0x0000055c   Code   RO          282    .text               n32l40x_gpio.o
    0x080012d0   0x080012d0   0x00000024   Code   RO          322    .text               mc_w.l(init.o)
    0x080012f4   0x080012f4   0x0000000e   Code   RO          326    i.__scatterload_copy  mc_w.l(handlers.o)
    0x08001302   0x08001302   0x00000002   Code   RO          327    i.__scatterload_null  mc_w.l(handlers.o)
    0x08001304   0x08001304   0x0000000e   Code   RO          328    i.__scatterload_zeroinit  mc_w.l(handlers.o)
    0x08001312   0x08001312   0x00000002   PAD
    0x08001314   0x08001314   0x0000002c   Data   RO           14    .constdata          system_n32l40x.o
    0x08001340   0x08001340   0x0000005c   Data   RO          209    .constdata          n32l40x_rcc.o
    0x0800139c   0x0800139c   0x00000020   Data   RO          324    Region$$Table       anon$$obj.o


    Execution Region RW_IRAM1 (Exec base: 0x20000000, Load base: 0x080013bc, Size: 0x00001508, Max: 0x00006000, ABSOLUTE)

    Exec Addr    Load Addr    Size         Type   Attr      Idx    E Section Name        Object

    0x20000000   0x080013bc   0x00000004   Data   RW           15    .data               system_n32l40x.o
    0x20000004   0x080013c0   0x00000004   PAD
    0x20000008        -       0x00001500   Zero   RW            1    STACK               startup_n32l40x.o


==============================================================================

Image component sizes


      Code (inc. data)   RO Data    RW Data    ZI Data      Debug   Object Name

       256         22          0          0          0       2112   main.o
      1372         52          0          0          0       7016   n32l40x_gpio.o
        26          0          0          0          0       1259   n32l40x_it.o
      1976         76         92          0          0      17306   n32l40x_rcc.o
        36          8        328          0       5376        928   startup_n32l40x.o
       796         70         44          4          0     279219   system_n32l40x.o

    ----------------------------------------------------------------------
      4464        228        496          4       5380     307840   Object Totals
         0          0         32          0          0          0   (incl. Generated)
         2          0          0          0          4          0   (incl. Padding)

    ----------------------------------------------------------------------

      Code (inc. data)   RO Data    RW Data    ZI Data      Debug   Library Member Name

         0          0          0          0          0          0   entry.o
         0          0          0          0          0          0   entry10a.o
         0          0          0          0          0          0   entry11a.o
         4          0          0          0          0          0   entry12b.o
         8          4          0          0          0          0   entry2.o
         4          0          0          0          0          0   entry5.o
         0          0          0          0          0          0   entry7b.o
         0          0          0          0          0          0   entry8b.o
         8          4          0          0          0          0   entry9a.o
        30          0          0          0          0          0   handlers.o
        36          8          0          0          0         68   init.o

    ----------------------------------------------------------------------
        92         16          0          0          0         68   Library Totals
         2          0          0          0          0          0   (incl. Padding)

    ----------------------------------------------------------------------

      Code (inc. data)   RO Data    RW Data    ZI Data      Debug   Library Name

        90         16          0          0          0         68   mc_w.l

    ----------------------------------------------------------------------
        92         16          0          0          0         68   Library Totals

    ----------------------------------------------------------------------

==============================================================================


      Code (inc. data)   RO Data    RW Data    ZI Data      Debug   

      4556        244        496          4       5380     307212   Grand Totals
      4556        244        496          4       5380     307212   ELF Image Totals
      4556        244        496          4          0          0   ROM Totals

==============================================================================

    Total RO  Size (Code + RO Data)                 5052 (   4.93kB)
    Total RW  Size (RW Data + ZI Data)              5384 (   5.26kB)
    Total ROM Size (Code + RO Data + RW Data)       5056 (   4.94kB)

==============================================================================

